// Jest Snapshot v1, https://goo.gl/fbAQLP

exports[`snapshot test LambdaToDynamoDB default params 1`] = `
Object {
  "Parameters": Object {
    "AssetParameters0c3255e93ffe7a906c7422e9f0e9cc4c7fd86ee996ee3bb302e2f134b38463c8ArtifactHash8D9AD644": Object {
      "Description": "Artifact hash for asset \\"0c3255e93ffe7a906c7422e9f0e9cc4c7fd86ee996ee3bb302e2f134b38463c8\\"",
      "Type": "String",
    },
    "AssetParameters0c3255e93ffe7a906c7422e9f0e9cc4c7fd86ee996ee3bb302e2f134b38463c8S3Bucket9E1964CB": Object {
      "Description": "S3 bucket for asset \\"0c3255e93ffe7a906c7422e9f0e9cc4c7fd86ee996ee3bb302e2f134b38463c8\\"",
      "Type": "String",
    },
    "AssetParameters0c3255e93ffe7a906c7422e9f0e9cc4c7fd86ee996ee3bb302e2f134b38463c8S3VersionKey7153CEE7": Object {
      "Description": "S3 key for asset version \\"0c3255e93ffe7a906c7422e9f0e9cc4c7fd86ee996ee3bb302e2f134b38463c8\\"",
      "Type": "String",
    },
  },
  "Resources": Object {
    "LambdaFunctionBF21E41F": Object {
      "DependsOn": Array [
        "LambdaFunctionServiceRoleDefaultPolicy126C8897",
        "LambdaFunctionServiceRole0C4CDE0B",
      ],
      "Metadata": Object {
        "cfn_nag": Object {
          "rules_to_suppress": Array [
            Object {
              "id": "W58",
              "reason": "Lambda functions has the required permission to write CloudWatch Logs. It uses custom policy instead of arn:aws:iam::aws:policy/service-role/AWSLambdaBasicExecutionRole with more tighter permissions.",
            },
          ],
        },
      },
      "Properties": Object {
        "Code": Object {
          "S3Bucket": Object {
            "Ref": "AssetParameters0c3255e93ffe7a906c7422e9f0e9cc4c7fd86ee996ee3bb302e2f134b38463c8S3Bucket9E1964CB",
          },
          "S3Key": Object {
            "Fn::Join": Array [
              "",
              Array [
                Object {
                  "Fn::Select": Array [
                    0,
                    Object {
                      "Fn::Split": Array [
                        "||",
                        Object {
                          "Ref": "AssetParameters0c3255e93ffe7a906c7422e9f0e9cc4c7fd86ee996ee3bb302e2f134b38463c8S3VersionKey7153CEE7",
                        },
                      ],
                    },
                  ],
                },
                Object {
                  "Fn::Select": Array [
                    1,
                    Object {
                      "Fn::Split": Array [
                        "||",
                        Object {
                          "Ref": "AssetParameters0c3255e93ffe7a906c7422e9f0e9cc4c7fd86ee996ee3bb302e2f134b38463c8S3VersionKey7153CEE7",
                        },
                      ],
                    },
                  ],
                },
              ],
            ],
          },
        },
        "Environment": Object {
          "Variables": Object {
            "AWS_NODEJS_CONNECTION_REUSE_ENABLED": "1",
            "DDB_TABLE_NAME": Object {
              "Ref": "testlambdadynamodbstackDynamoTable8138E93B",
            },
          },
        },
        "Handler": "index.handler",
        "Role": Object {
          "Fn::GetAtt": Array [
            "LambdaFunctionServiceRole0C4CDE0B",
            "Arn",
          ],
        },
        "Runtime": "nodejs10.x",
      },
      "Type": "AWS::Lambda::Function",
    },
    "LambdaFunctionServiceRole0C4CDE0B": Object {
      "Properties": Object {
        "AssumeRolePolicyDocument": Object {
          "Statement": Array [
            Object {
              "Action": "sts:AssumeRole",
              "Effect": "Allow",
              "Principal": Object {
                "Service": "lambda.amazonaws.com",
              },
            },
          ],
          "Version": "2012-10-17",
        },
        "Policies": Array [
          Object {
            "PolicyDocument": Object {
              "Statement": Array [
                Object {
                  "Action": Array [
                    "logs:CreateLogGroup",
                    "logs:CreateLogStream",
                    "logs:PutLogEvents",
                  ],
                  "Effect": "Allow",
                  "Resource": Object {
                    "Fn::Join": Array [
                      "",
                      Array [
                        "arn:aws:logs:",
                        Object {
                          "Ref": "AWS::Region",
                        },
                        ":",
                        Object {
                          "Ref": "AWS::AccountId",
                        },
                        ":log-group:/aws/lambda/*",
                      ],
                    ],
                  },
                },
              ],
              "Version": "2012-10-17",
            },
            "PolicyName": "LambdaFunctionServiceRolePolicy",
          },
        ],
      },
      "Type": "AWS::IAM::Role",
    },
    "LambdaFunctionServiceRoleDefaultPolicy126C8897": Object {
      "Properties": Object {
        "PolicyDocument": Object {
          "Statement": Array [
            Object {
              "Action": Array [
                "dynamodb:BatchGetItem",
                "dynamodb:GetRecords",
                "dynamodb:GetShardIterator",
                "dynamodb:Query",
                "dynamodb:GetItem",
                "dynamodb:Scan",
                "dynamodb:BatchWriteItem",
                "dynamodb:PutItem",
                "dynamodb:UpdateItem",
                "dynamodb:DeleteItem",
              ],
              "Effect": "Allow",
              "Resource": Array [
                Object {
                  "Fn::GetAtt": Array [
                    "testlambdadynamodbstackDynamoTable8138E93B",
                    "Arn",
                  ],
                },
                Object {
                  "Ref": "AWS::NoValue",
                },
              ],
            },
          ],
          "Version": "2012-10-17",
        },
        "PolicyName": "LambdaFunctionServiceRoleDefaultPolicy126C8897",
        "Roles": Array [
          Object {
            "Ref": "LambdaFunctionServiceRole0C4CDE0B",
          },
        ],
      },
      "Type": "AWS::IAM::Policy",
    },
    "testlambdadynamodbstackDynamoTable8138E93B": Object {
      "DeletionPolicy": "Retain",
      "Properties": Object {
        "AttributeDefinitions": Array [
          Object {
            "AttributeName": "id",
            "AttributeType": "S",
          },
        ],
        "BillingMode": "PAY_PER_REQUEST",
        "KeySchema": Array [
          Object {
            "AttributeName": "id",
            "KeyType": "HASH",
          },
        ],
        "SSESpecification": Object {
          "SSEEnabled": true,
        },
      },
      "Type": "AWS::DynamoDB::Table",
      "UpdateReplacePolicy": "Retain",
    },
  },
}
`;
