// Jest Snapshot v1, https://goo.gl/fbAQLP

exports[`Pattern deployment 1`] = `
Object {
  "Parameters": Object {
    "AssetParametersdfe828a7d00b0da7a6e92dc1decf39ec907e4edc6006faea8631d4dabd7f4fcdArtifactHashEA3A5944": Object {
      "Description": "Artifact hash for asset \\"dfe828a7d00b0da7a6e92dc1decf39ec907e4edc6006faea8631d4dabd7f4fcd\\"",
      "Type": "String",
    },
    "AssetParametersdfe828a7d00b0da7a6e92dc1decf39ec907e4edc6006faea8631d4dabd7f4fcdS3BucketA460830B": Object {
      "Description": "S3 bucket for asset \\"dfe828a7d00b0da7a6e92dc1decf39ec907e4edc6006faea8631d4dabd7f4fcd\\"",
      "Type": "String",
    },
    "AssetParametersdfe828a7d00b0da7a6e92dc1decf39ec907e4edc6006faea8631d4dabd7f4fcdS3VersionKey58FEB9E6": Object {
      "Description": "S3 key for asset version \\"dfe828a7d00b0da7a6e92dc1decf39ec907e4edc6006faea8631d4dabd7f4fcd\\"",
      "Type": "String",
    },
  },
  "Resources": Object {
    "EncryptionKey1B843E66": Object {
      "DeletionPolicy": "Retain",
      "Properties": Object {
        "EnableKeyRotation": true,
        "KeyPolicy": Object {
          "Statement": Array [
            Object {
              "Action": Array [
                "kms:Create*",
                "kms:Describe*",
                "kms:Enable*",
                "kms:List*",
                "kms:Put*",
                "kms:Update*",
                "kms:Revoke*",
                "kms:Disable*",
                "kms:Get*",
                "kms:Delete*",
                "kms:ScheduleKeyDeletion",
                "kms:CancelKeyDeletion",
                "kms:GenerateDataKey",
                "kms:TagResource",
                "kms:UntagResource",
              ],
              "Effect": "Allow",
              "Principal": Object {
                "AWS": Object {
                  "Fn::Join": Array [
                    "",
                    Array [
                      "arn:",
                      Object {
                        "Ref": "AWS::Partition",
                      },
                      ":iam::",
                      Object {
                        "Ref": "AWS::AccountId",
                      },
                      ":root",
                    ],
                  ],
                },
              },
              "Resource": "*",
            },
            Object {
              "Action": "kms:Decrypt",
              "Effect": "Allow",
              "Principal": Object {
                "AWS": Object {
                  "Fn::GetAtt": Array [
                    "LambdaFunctionServiceRole0C4CDE0B",
                    "Arn",
                  ],
                },
              },
              "Resource": "*",
            },
          ],
          "Version": "2012-10-17",
        },
      },
      "Type": "AWS::KMS::Key",
      "UpdateReplacePolicy": "Retain",
    },
    "KinesisStream46752A3E": Object {
      "Properties": Object {
        "RetentionPeriodHours": 24,
        "ShardCount": 1,
        "StreamEncryption": Object {
          "EncryptionType": "KMS",
          "KeyId": Object {
            "Fn::GetAtt": Array [
              "EncryptionKey1B843E66",
              "Arn",
            ],
          },
        },
      },
      "Type": "AWS::Kinesis::Stream",
    },
    "LambdaFunctionBF21E41F": Object {
      "DependsOn": Array [
        "LambdaFunctionServiceRoleDefaultPolicy126C8897",
        "LambdaFunctionServiceRole0C4CDE0B",
      ],
      "Metadata": Object {
        "cfn_nag": Object {
          "rules_to_suppress": Array [
            Object {
              "id": "W58",
              "reason": "Lambda functions has the required permission to write CloudWatch Logs. It uses custom policy instead of arn:aws:iam::aws:policy/service-role/AWSLambdaBasicExecutionRole with more tighter permissions.",
            },
          ],
        },
      },
      "Properties": Object {
        "Code": Object {
          "S3Bucket": Object {
            "Ref": "AssetParametersdfe828a7d00b0da7a6e92dc1decf39ec907e4edc6006faea8631d4dabd7f4fcdS3BucketA460830B",
          },
          "S3Key": Object {
            "Fn::Join": Array [
              "",
              Array [
                Object {
                  "Fn::Select": Array [
                    0,
                    Object {
                      "Fn::Split": Array [
                        "||",
                        Object {
                          "Ref": "AssetParametersdfe828a7d00b0da7a6e92dc1decf39ec907e4edc6006faea8631d4dabd7f4fcdS3VersionKey58FEB9E6",
                        },
                      ],
                    },
                  ],
                },
                Object {
                  "Fn::Select": Array [
                    1,
                    Object {
                      "Fn::Split": Array [
                        "||",
                        Object {
                          "Ref": "AssetParametersdfe828a7d00b0da7a6e92dc1decf39ec907e4edc6006faea8631d4dabd7f4fcdS3VersionKey58FEB9E6",
                        },
                      ],
                    },
                  ],
                },
              ],
            ],
          },
        },
        "Environment": Object {
          "Variables": Object {
            "AWS_NODEJS_CONNECTION_REUSE_ENABLED": "1",
          },
        },
        "Handler": "index.handler",
        "Role": Object {
          "Fn::GetAtt": Array [
            "LambdaFunctionServiceRole0C4CDE0B",
            "Arn",
          ],
        },
        "Runtime": "nodejs10.x",
      },
      "Type": "AWS::Lambda::Function",
    },
    "LambdaFunctionLambdaKinesisEventSourceMappingE4E81D45": Object {
      "Properties": Object {
        "BatchSize": 1,
        "EventSourceArn": Object {
          "Fn::GetAtt": Array [
            "KinesisStream46752A3E",
            "Arn",
          ],
        },
        "FunctionName": Object {
          "Ref": "LambdaFunctionBF21E41F",
        },
        "StartingPosition": "TRIM_HORIZON",
      },
      "Type": "AWS::Lambda::EventSourceMapping",
    },
    "LambdaFunctionServiceRole0C4CDE0B": Object {
      "Properties": Object {
        "AssumeRolePolicyDocument": Object {
          "Statement": Array [
            Object {
              "Action": "sts:AssumeRole",
              "Effect": "Allow",
              "Principal": Object {
                "Service": "lambda.amazonaws.com",
              },
            },
          ],
          "Version": "2012-10-17",
        },
        "Policies": Array [
          Object {
            "PolicyDocument": Object {
              "Statement": Array [
                Object {
                  "Action": Array [
                    "logs:CreateLogGroup",
                    "logs:CreateLogStream",
                    "logs:PutLogEvents",
                  ],
                  "Effect": "Allow",
                  "Resource": Object {
                    "Fn::Join": Array [
                      "",
                      Array [
                        "arn:aws:logs:",
                        Object {
                          "Ref": "AWS::Region",
                        },
                        ":",
                        Object {
                          "Ref": "AWS::AccountId",
                        },
                        ":log-group:/aws/lambda/*",
                      ],
                    ],
                  },
                },
              ],
              "Version": "2012-10-17",
            },
            "PolicyName": "LambdaFunctionServiceRolePolicy",
          },
        ],
      },
      "Type": "AWS::IAM::Role",
    },
    "LambdaFunctionServiceRoleDefaultPolicy126C8897": Object {
      "Properties": Object {
        "PolicyDocument": Object {
          "Statement": Array [
            Object {
              "Action": Array [
                "kinesis:DescribeStream",
                "kinesis:GetRecords",
                "kinesis:GetShardIterator",
              ],
              "Effect": "Allow",
              "Resource": Object {
                "Fn::GetAtt": Array [
                  "KinesisStream46752A3E",
                  "Arn",
                ],
              },
            },
            Object {
              "Action": "kms:Decrypt",
              "Effect": "Allow",
              "Resource": Object {
                "Fn::GetAtt": Array [
                  "EncryptionKey1B843E66",
                  "Arn",
                ],
              },
            },
          ],
          "Version": "2012-10-17",
        },
        "PolicyName": "LambdaFunctionServiceRoleDefaultPolicy126C8897",
        "Roles": Array [
          Object {
            "Ref": "LambdaFunctionServiceRole0C4CDE0B",
          },
        ],
      },
      "Type": "AWS::IAM::Policy",
    },
    "testkinesisstreamslambdaLambdaFunctionPolicyF7EF016E": Object {
      "Metadata": Object {
        "cfn_nag": Object {
          "rules_to_suppress": Array [
            Object {
              "id": "W12",
              "reason": "The kinesis:ListStreams action requires a wildcard resource.",
            },
          ],
        },
      },
      "Properties": Object {
        "PolicyDocument": Object {
          "Statement": Array [
            Object {
              "Action": Array [
                "kinesis:GetRecords",
                "kinesis:GetShardIterator",
                "kinesis:DescribeStream",
              ],
              "Effect": "Allow",
              "Resource": Object {
                "Fn::GetAtt": Array [
                  "KinesisStream46752A3E",
                  "Arn",
                ],
              },
            },
            Object {
              "Action": "kinesis:ListStreams",
              "Effect": "Allow",
              "Resource": "*",
            },
          ],
          "Version": "2012-10-17",
        },
        "PolicyName": "testkinesisstreamslambdaLambdaFunctionPolicyF7EF016E",
        "Roles": Array [
          Object {
            "Ref": "LambdaFunctionServiceRole0C4CDE0B",
          },
        ],
      },
      "Type": "AWS::IAM::Policy",
    },
  },
}
`;
