{
  "Description": "Integration Test for aws-kinesisstreams-lambda",
  "Resources": {
    "testkslambdaLambdaFunctionPolicyDC40446F": {
      "Type": "AWS::IAM::Policy",
      "Properties": {
        "PolicyDocument": {
          "Statement": [
            {
              "Action": [
                "kinesis:GetRecords",
                "kinesis:GetShardIterator",
                "kinesis:DescribeStream"
              ],
              "Effect": "Allow",
              "Resource": {
                "Fn::GetAtt": [
                  "KinesisStream46752A3E",
                  "Arn"
                ]
              }
            },
            {
              "Action": "kinesis:ListStreams",
              "Effect": "Allow",
              "Resource": "*"
            }
          ],
          "Version": "2012-10-17"
        },
        "PolicyName": "testkslambdaLambdaFunctionPolicyDC40446F",
        "Roles": [
          {
            "Ref": "LambdaFunctionServiceRole0C4CDE0B"
          }
        ]
      },
      "Metadata": {
        "cfn_nag": {
          "rules_to_suppress": [
            {
              "id": "W12",
              "reason": "The kinesis:ListStreams action requires a wildcard resource."
            }
          ]
        }
      }
    },
    "EncryptionKey1B843E66": {
      "Type": "AWS::KMS::Key",
      "Properties": {
        "KeyPolicy": {
          "Statement": [
            {
              "Action": [
                "kms:Create*",
                "kms:Describe*",
                "kms:Enable*",
                "kms:List*",
                "kms:Put*",
                "kms:Update*",
                "kms:Revoke*",
                "kms:Disable*",
                "kms:Get*",
                "kms:Delete*",
                "kms:ScheduleKeyDeletion",
                "kms:CancelKeyDeletion",
                "kms:GenerateDataKey",
                "kms:TagResource",
                "kms:UntagResource"
              ],
              "Effect": "Allow",
              "Principal": {
                "AWS": {
                  "Fn::Join": [
                    "",
                    [
                      "arn:",
                      {
                        "Ref": "AWS::Partition"
                      },
                      ":iam::",
                      {
                        "Ref": "AWS::AccountId"
                      },
                      ":root"
                    ]
                  ]
                }
              },
              "Resource": "*"
            },
            {
              "Action": "kms:Decrypt",
              "Effect": "Allow",
              "Principal": {
                "AWS": {
                  "Fn::GetAtt": [
                    "LambdaFunctionServiceRole0C4CDE0B",
                    "Arn"
                  ]
                }
              },
              "Resource": "*"
            }
          ],
          "Version": "2012-10-17"
        },
        "EnableKeyRotation": true
      },
      "UpdateReplacePolicy": "Retain",
      "DeletionPolicy": "Retain"
    },
    "KinesisStream46752A3E": {
      "Type": "AWS::Kinesis::Stream",
      "Properties": {
        "ShardCount": 1,
        "RetentionPeriodHours": 24,
        "StreamEncryption": {
          "EncryptionType": "KMS",
          "KeyId": {
            "Fn::GetAtt": [
              "EncryptionKey1B843E66",
              "Arn"
            ]
          }
        }
      }
    },
    "LambdaFunctionServiceRole0C4CDE0B": {
      "Type": "AWS::IAM::Role",
      "Properties": {
        "AssumeRolePolicyDocument": {
          "Statement": [
            {
              "Action": "sts:AssumeRole",
              "Effect": "Allow",
              "Principal": {
                "Service": "lambda.amazonaws.com"
              }
            }
          ],
          "Version": "2012-10-17"
        },
        "Policies": [
          {
            "PolicyDocument": {
              "Statement": [
                {
                  "Action": [
                    "logs:CreateLogGroup",
                    "logs:CreateLogStream",
                    "logs:PutLogEvents"
                  ],
                  "Effect": "Allow",
                  "Resource": {
                    "Fn::Join": [
                      "",
                      [
                        "arn:aws:logs:",
                        {
                          "Ref": "AWS::Region"
                        },
                        ":",
                        {
                          "Ref": "AWS::AccountId"
                        },
                        ":log-group:/aws/lambda/*"
                      ]
                    ]
                  }
                }
              ],
              "Version": "2012-10-17"
            },
            "PolicyName": "LambdaFunctionServiceRolePolicy"
          }
        ]
      }
    },
    "LambdaFunctionServiceRoleDefaultPolicy126C8897": {
      "Type": "AWS::IAM::Policy",
      "Properties": {
        "PolicyDocument": {
          "Statement": [
            {
              "Action": [
                "kinesis:DescribeStream",
                "kinesis:GetRecords",
                "kinesis:GetShardIterator"
              ],
              "Effect": "Allow",
              "Resource": {
                "Fn::GetAtt": [
                  "KinesisStream46752A3E",
                  "Arn"
                ]
              }
            },
            {
              "Action": "kms:Decrypt",
              "Effect": "Allow",
              "Resource": {
                "Fn::GetAtt": [
                  "EncryptionKey1B843E66",
                  "Arn"
                ]
              }
            }
          ],
          "Version": "2012-10-17"
        },
        "PolicyName": "LambdaFunctionServiceRoleDefaultPolicy126C8897",
        "Roles": [
          {
            "Ref": "LambdaFunctionServiceRole0C4CDE0B"
          }
        ]
      }
    },
    "LambdaFunctionBF21E41F": {
      "Type": "AWS::Lambda::Function",
      "Properties": {
        "Code": {
          "S3Bucket": {
            "Ref": "AssetParametersdfe828a7d00b0da7a6e92dc1decf39ec907e4edc6006faea8631d4dabd7f4fcdS3BucketA460830B"
          },
          "S3Key": {
            "Fn::Join": [
              "",
              [
                {
                  "Fn::Select": [
                    0,
                    {
                      "Fn::Split": [
                        "||",
                        {
                          "Ref": "AssetParametersdfe828a7d00b0da7a6e92dc1decf39ec907e4edc6006faea8631d4dabd7f4fcdS3VersionKey58FEB9E6"
                        }
                      ]
                    }
                  ]
                },
                {
                  "Fn::Select": [
                    1,
                    {
                      "Fn::Split": [
                        "||",
                        {
                          "Ref": "AssetParametersdfe828a7d00b0da7a6e92dc1decf39ec907e4edc6006faea8631d4dabd7f4fcdS3VersionKey58FEB9E6"
                        }
                      ]
                    }
                  ]
                }
              ]
            ]
          }
        },
        "Handler": "index.handler",
        "Role": {
          "Fn::GetAtt": [
            "LambdaFunctionServiceRole0C4CDE0B",
            "Arn"
          ]
        },
        "Runtime": "nodejs10.x",
        "Environment": {
          "Variables": {
            "AWS_NODEJS_CONNECTION_REUSE_ENABLED": "1"
          }
        }
      },
      "DependsOn": [
        "LambdaFunctionServiceRoleDefaultPolicy126C8897",
        "LambdaFunctionServiceRole0C4CDE0B"
      ],
      "Metadata": {
        "cfn_nag": {
          "rules_to_suppress": [
            {
              "id": "W58",
              "reason": "Lambda functions has the required permission to write CloudWatch Logs. It uses custom policy instead of arn:aws:iam::aws:policy/service-role/AWSLambdaBasicExecutionRole with more tighter permissions."
            }
          ]
        }
      }
    },
    "LambdaFunctionLambdaKinesisEventSourceMappingE4E81D45": {
      "Type": "AWS::Lambda::EventSourceMapping",
      "Properties": {
        "EventSourceArn": {
          "Fn::GetAtt": [
            "KinesisStream46752A3E",
            "Arn"
          ]
        },
        "FunctionName": {
          "Ref": "LambdaFunctionBF21E41F"
        },
        "BatchSize": 1,
        "StartingPosition": "TRIM_HORIZON"
      }
    }
  },
  "Parameters": {
    "AssetParametersdfe828a7d00b0da7a6e92dc1decf39ec907e4edc6006faea8631d4dabd7f4fcdS3BucketA460830B": {
      "Type": "String",
      "Description": "S3 bucket for asset \"dfe828a7d00b0da7a6e92dc1decf39ec907e4edc6006faea8631d4dabd7f4fcd\""
    },
    "AssetParametersdfe828a7d00b0da7a6e92dc1decf39ec907e4edc6006faea8631d4dabd7f4fcdS3VersionKey58FEB9E6": {
      "Type": "String",
      "Description": "S3 key for asset version \"dfe828a7d00b0da7a6e92dc1decf39ec907e4edc6006faea8631d4dabd7f4fcd\""
    },
    "AssetParametersdfe828a7d00b0da7a6e92dc1decf39ec907e4edc6006faea8631d4dabd7f4fcdArtifactHashEA3A5944": {
      "Type": "String",
      "Description": "Artifact hash for asset \"dfe828a7d00b0da7a6e92dc1decf39ec907e4edc6006faea8631d4dabd7f4fcd\""
    }
  }
}