{
  "Description": "Integration Test for aws-sns-lambda",
  "Resources": {
    "testsnslambdaEncryptionKeyDDDF040B": {
      "Type": "AWS::KMS::Key",
      "Properties": {
        "KeyPolicy": {
          "Statement": [
            {
              "Action": [
                "kms:Create*",
                "kms:Describe*",
                "kms:Enable*",
                "kms:List*",
                "kms:Put*",
                "kms:Update*",
                "kms:Revoke*",
                "kms:Disable*",
                "kms:Get*",
                "kms:Delete*",
                "kms:ScheduleKeyDeletion",
                "kms:CancelKeyDeletion",
                "kms:GenerateDataKey",
                "kms:TagResource",
                "kms:UntagResource"
              ],
              "Effect": "Allow",
              "Principal": {
                "AWS": {
                  "Fn::Join": [
                    "",
                    [
                      "arn:",
                      {
                        "Ref": "AWS::Partition"
                      },
                      ":iam::",
                      {
                        "Ref": "AWS::AccountId"
                      },
                      ":root"
                    ]
                  ]
                }
              },
              "Resource": "*"
            }
          ],
          "Version": "2012-10-17"
        },
        "EnableKeyRotation": true
      },
      "UpdateReplacePolicy": "Retain",
      "DeletionPolicy": "Retain"
    },
    "testsnslambdaSnsTopic52CA159E": {
      "Type": "AWS::SNS::Topic",
      "Properties": {
        "KmsMasterKeyId": {
          "Ref": "testsnslambdaEncryptionKeyDDDF040B"
        }
      }
    },
    "LambdaFunctionServiceRole0C4CDE0B": {
      "Type": "AWS::IAM::Role",
      "Properties": {
        "AssumeRolePolicyDocument": {
          "Statement": [
            {
              "Action": "sts:AssumeRole",
              "Effect": "Allow",
              "Principal": {
                "Service": "lambda.amazonaws.com"
              }
            }
          ],
          "Version": "2012-10-17"
        },
        "Policies": [
          {
            "PolicyDocument": {
              "Statement": [
                {
                  "Action": [
                    "logs:CreateLogGroup",
                    "logs:CreateLogStream",
                    "logs:PutLogEvents"
                  ],
                  "Effect": "Allow",
                  "Resource": {
                    "Fn::Join": [
                      "",
                      [
                        "arn:aws:logs:",
                        {
                          "Ref": "AWS::Region"
                        },
                        ":",
                        {
                          "Ref": "AWS::AccountId"
                        },
                        ":log-group:/aws/lambda/*"
                      ]
                    ]
                  }
                }
              ],
              "Version": "2012-10-17"
            },
            "PolicyName": "LambdaFunctionServiceRolePolicy"
          }
        ]
      }
    },
    "LambdaFunctionBF21E41F": {
      "Type": "AWS::Lambda::Function",
      "Properties": {
        "Code": {
          "S3Bucket": {
            "Ref": "AssetParameters0c3255e93ffe7a906c7422e9f0e9cc4c7fd86ee996ee3bb302e2f134b38463c8S3Bucket9E1964CB"
          },
          "S3Key": {
            "Fn::Join": [
              "",
              [
                {
                  "Fn::Select": [
                    0,
                    {
                      "Fn::Split": [
                        "||",
                        {
                          "Ref": "AssetParameters0c3255e93ffe7a906c7422e9f0e9cc4c7fd86ee996ee3bb302e2f134b38463c8S3VersionKey7153CEE7"
                        }
                      ]
                    }
                  ]
                },
                {
                  "Fn::Select": [
                    1,
                    {
                      "Fn::Split": [
                        "||",
                        {
                          "Ref": "AssetParameters0c3255e93ffe7a906c7422e9f0e9cc4c7fd86ee996ee3bb302e2f134b38463c8S3VersionKey7153CEE7"
                        }
                      ]
                    }
                  ]
                }
              ]
            ]
          }
        },
        "Handler": "index.handler",
        "Role": {
          "Fn::GetAtt": [
            "LambdaFunctionServiceRole0C4CDE0B",
            "Arn"
          ]
        },
        "Runtime": "nodejs12.x",
        "Environment": {
          "Variables": {
            "AWS_NODEJS_CONNECTION_REUSE_ENABLED": "1"
          }
        }
      },
      "DependsOn": [
        "LambdaFunctionServiceRole0C4CDE0B"
      ],
      "Metadata": {
        "cfn_nag": {
          "rules_to_suppress": [
            {
              "id": "W58",
              "reason": "Lambda functions has the required permission to write CloudWatch Logs. It uses custom policy instead of arn:aws:iam::aws:policy/service-role/AWSLambdaBasicExecutionRole with more tighter permissions."
            }
          ]
        }
      }
    },
    "LambdaFunctionAllowInvoketestsnslambdaSnsTopic02988CE1827B8D82": {
      "Type": "AWS::Lambda::Permission",
      "Properties": {
        "Action": "lambda:InvokeFunction",
        "FunctionName": {
          "Fn::GetAtt": [
            "LambdaFunctionBF21E41F",
            "Arn"
          ]
        },
        "Principal": "sns.amazonaws.com",
        "SourceArn": {
          "Ref": "testsnslambdaSnsTopic52CA159E"
        }
      }
    },
    "LambdaFunctionSnsTopic70134CE0": {
      "Type": "AWS::SNS::Subscription",
      "Properties": {
        "Protocol": "lambda",
        "TopicArn": {
          "Ref": "testsnslambdaSnsTopic52CA159E"
        },
        "Endpoint": {
          "Fn::GetAtt": [
            "LambdaFunctionBF21E41F",
            "Arn"
          ]
        }
      }
    }
  },
  "Parameters": {
    "AssetParameters0c3255e93ffe7a906c7422e9f0e9cc4c7fd86ee996ee3bb302e2f134b38463c8S3Bucket9E1964CB": {
      "Type": "String",
      "Description": "S3 bucket for asset \"0c3255e93ffe7a906c7422e9f0e9cc4c7fd86ee996ee3bb302e2f134b38463c8\""
    },
    "AssetParameters0c3255e93ffe7a906c7422e9f0e9cc4c7fd86ee996ee3bb302e2f134b38463c8S3VersionKey7153CEE7": {
      "Type": "String",
      "Description": "S3 key for asset version \"0c3255e93ffe7a906c7422e9f0e9cc4c7fd86ee996ee3bb302e2f134b38463c8\""
    },
    "AssetParameters0c3255e93ffe7a906c7422e9f0e9cc4c7fd86ee996ee3bb302e2f134b38463c8ArtifactHash8D9AD644": {
      "Type": "String",
      "Description": "Artifact hash for asset \"0c3255e93ffe7a906c7422e9f0e9cc4c7fd86ee996ee3bb302e2f134b38463c8\""
    }
  }
}