// Jest Snapshot v1, https://goo.gl/fbAQLP

exports[`snapshot test kinesisstream default params 1`] = `
Object {
  "Resources": Object {
    "KinesisStream46752A3E": Object {
      "Properties": Object {
        "RetentionPeriodHours": 24,
        "ShardCount": 1,
        "StreamEncryption": Object {
          "EncryptionType": "KMS",
          "KeyId": Object {
            "Fn::GetAtt": Array [
              "KinesisStreamKey72E22A02",
              "Arn",
            ],
          },
        },
      },
      "Type": "AWS::Kinesis::Stream",
    },
    "KinesisStreamKey72E22A02": Object {
      "DeletionPolicy": "Retain",
      "Properties": Object {
        "Description": "Created by KinesisStream",
        "KeyPolicy": Object {
          "Statement": Array [
            Object {
              "Action": Array [
                "kms:Create*",
                "kms:Describe*",
                "kms:Enable*",
                "kms:List*",
                "kms:Put*",
                "kms:Update*",
                "kms:Revoke*",
                "kms:Disable*",
                "kms:Get*",
                "kms:Delete*",
                "kms:ScheduleKeyDeletion",
                "kms:CancelKeyDeletion",
                "kms:GenerateDataKey",
                "kms:TagResource",
                "kms:UntagResource",
              ],
              "Effect": "Allow",
              "Principal": Object {
                "AWS": Object {
                  "Fn::Join": Array [
                    "",
                    Array [
                      "arn:",
                      Object {
                        "Ref": "AWS::Partition",
                      },
                      ":iam::",
                      Object {
                        "Ref": "AWS::AccountId",
                      },
                      ":root",
                    ],
                  ],
                },
              },
              "Resource": "*",
            },
          ],
          "Version": "2012-10-17",
        },
      },
      "Type": "AWS::KMS::Key",
      "UpdateReplacePolicy": "Retain",
    },
  },
}
`;
