{
  "Resources": {
    "CloudFrontToS3S3LoggingBucketEF5CD8B2": {
      "Type": "AWS::S3::Bucket",
      "Properties": {
        "AccessControl": "LogDeliveryWrite",
        "BucketEncryption": {
          "ServerSideEncryptionConfiguration": [
            {
              "ServerSideEncryptionByDefault": {
                "SSEAlgorithm": "AES256"
              }
            }
          ]
        },
        "PublicAccessBlockConfiguration": {
          "BlockPublicAcls": true,
          "BlockPublicPolicy": true,
          "IgnorePublicAcls": true,
          "RestrictPublicBuckets": true
        },
        "VersioningConfiguration": {
          "Status": "Enabled"
        }
      },
      "UpdateReplacePolicy": "Retain",
      "DeletionPolicy": "Retain",
      "Metadata": {
        "cfn_nag": {
          "rules_to_suppress": [
            {
              "id": "W35",
              "reason": "This S3 bucket is used as the access logging bucket for another bucket"
            },
            {
              "id": "W51",
              "reason": "This S3 bucket Bucket does not need a bucket policy"
            }
          ]
        }
      }
    },
    "CloudFrontToS3S3Bucket9CE6AB04": {
      "Type": "AWS::S3::Bucket",
      "Properties": {
        "BucketEncryption": {
          "ServerSideEncryptionConfiguration": [
            {
              "ServerSideEncryptionByDefault": {
                "SSEAlgorithm": "AES256"
              }
            }
          ]
        },
        "LoggingConfiguration": {
          "DestinationBucketName": {
            "Ref": "CloudFrontToS3S3LoggingBucketEF5CD8B2"
          }
        },
        "PublicAccessBlockConfiguration": {
          "BlockPublicAcls": true,
          "BlockPublicPolicy": true,
          "IgnorePublicAcls": true,
          "RestrictPublicBuckets": true
        },
        "VersioningConfiguration": {
          "Status": "Enabled"
        }
      },
      "UpdateReplacePolicy": "Retain",
      "DeletionPolicy": "Retain"
    },
    "CloudFrontToS3S3BucketPolicy2495300D": {
      "Type": "AWS::S3::BucketPolicy",
      "Properties": {
        "Bucket": {
          "Ref": "CloudFrontToS3S3Bucket9CE6AB04"
        },
        "PolicyDocument": {
          "Statement": [
            {
              "Action": [
                "s3:GetObject*",
                "s3:GetBucket*",
                "s3:List*"
              ],
              "Effect": "Allow",
              "Principal": {
                "AWS": {
                  "Fn::Join": [
                    "",
                    [
                      "arn:",
                      {
                        "Ref": "AWS::Partition"
                      },
                      ":iam::cloudfront:user/CloudFront Origin Access Identity ",
                      {
                        "Ref": "CloudFrontToS3CloudFrontOriginAccessIdentity34CC1F91"
                      }
                    ]
                  ]
                }
              },
              "Resource": [
                {
                  "Fn::GetAtt": [
                    "CloudFrontToS3S3Bucket9CE6AB04",
                    "Arn"
                  ]
                },
                {
                  "Fn::Join": [
                    "",
                    [
                      {
                        "Fn::GetAtt": [
                          "CloudFrontToS3S3Bucket9CE6AB04",
                          "Arn"
                        ]
                      },
                      "/*"
                    ]
                  ]
                }
              ]
            },
            {
              "Action": "s3:GetObject",
              "Effect": "Allow",
              "Principal": {
                "CanonicalUser": {
                  "Fn::GetAtt": [
                    "CloudFrontToS3CloudFrontOriginAccessIdentity34CC1F91",
                    "S3CanonicalUserId"
                  ]
                }
              },
              "Resource": {
                "Fn::Join": [
                  "",
                  [
                    {
                      "Fn::GetAtt": [
                        "CloudFrontToS3S3Bucket9CE6AB04",
                        "Arn"
                      ]
                    },
                    "/*"
                  ]
                ]
              }
            }
          ],
          "Version": "2012-10-17"
        }
      },
      "Metadata": {
        "cfn_nag": {
          "rules_to_suppress": [
            {
              "id": "F16",
              "reason": "Public website bucket policy requires a wildcard principal"
            }
          ]
        }
      }
    },
    "CloudFrontToS3CloudfrontLoggingBucket8350BE9B": {
      "Type": "AWS::S3::Bucket",
      "Properties": {
        "AccessControl": "LogDeliveryWrite",
        "BucketEncryption": {
          "ServerSideEncryptionConfiguration": [
            {
              "ServerSideEncryptionByDefault": {
                "SSEAlgorithm": "AES256"
              }
            }
          ]
        },
        "PublicAccessBlockConfiguration": {
          "BlockPublicAcls": true,
          "BlockPublicPolicy": true,
          "IgnorePublicAcls": true,
          "RestrictPublicBuckets": true
        },
        "VersioningConfiguration": {
          "Status": "Enabled"
        }
      },
      "UpdateReplacePolicy": "Retain",
      "DeletionPolicy": "Retain",
      "Metadata": {
        "cfn_nag": {
          "rules_to_suppress": [
            {
              "id": "W35",
              "reason": "This S3 bucket is used as the access logging bucket for CloudFront Distribution"
            },
            {
              "id": "W51",
              "reason": "This S3 bucket is used as the access logging bucket for CloudFront Distribution"
            }
          ]
        }
      }
    },
    "CloudFrontToS3CloudFrontOriginAccessIdentity34CC1F91": {
      "Type": "AWS::CloudFront::CloudFrontOriginAccessIdentity",
      "Properties": {
        "CloudFrontOriginAccessIdentityConfig": {
          "Comment": "Access S3 bucket content only through CloudFront"
        }
      }
    },
    "CloudFrontToS3CloudFrontDistributionCFDistribution7EEEEF4E": {
      "Type": "AWS::CloudFront::Distribution",
      "Properties": {
        "DistributionConfig": {
          "DefaultCacheBehavior": {
            "AllowedMethods": [
              "GET",
              "HEAD"
            ],
            "CachedMethods": [
              "GET",
              "HEAD"
            ],
            "Compress": true,
            "ForwardedValues": {
              "Cookies": {
                "Forward": "none"
              },
              "QueryString": false
            },
            "TargetOriginId": "origin1",
            "ViewerProtocolPolicy": "redirect-to-https"
          },
          "DefaultRootObject": "index.html",
          "Enabled": true,
          "HttpVersion": "http2",
          "IPV6Enabled": true,
          "Logging": {
            "Bucket": {
              "Fn::GetAtt": [
                "CloudFrontToS3CloudfrontLoggingBucket8350BE9B",
                "RegionalDomainName"
              ]
            },
            "IncludeCookies": false
          },
          "Origins": [
            {
              "DomainName": {
                "Fn::GetAtt": [
                  "CloudFrontToS3S3Bucket9CE6AB04",
                  "RegionalDomainName"
                ]
              },
              "Id": "origin1",
              "S3OriginConfig": {
                "OriginAccessIdentity": {
                  "Fn::Join": [
                    "",
                    [
                      "origin-access-identity/cloudfront/",
                      {
                        "Ref": "CloudFrontToS3CloudFrontOriginAccessIdentity34CC1F91"
                      }
                    ]
                  ]
                }
              }
            }
          ],
          "PriceClass": "PriceClass_100",
          "ViewerCertificate": {
            "CloudFrontDefaultCertificate": true
          }
        }
      }
    },
    "staticContentHandlerServiceRole3B648F21": {
      "Type": "AWS::IAM::Role",
      "Properties": {
        "AssumeRolePolicyDocument": {
          "Statement": [
            {
              "Action": "sts:AssumeRole",
              "Effect": "Allow",
              "Principal": {
                "Service": "lambda.amazonaws.com"
              }
            }
          ],
          "Version": "2012-10-17"
        },
        "ManagedPolicyArns": [
          {
            "Fn::Join": [
              "",
              [
                "arn:",
                {
                  "Ref": "AWS::Partition"
                },
                ":iam::aws:policy/service-role/AWSLambdaBasicExecutionRole"
              ]
            ]
          }
        ]
      }
    },
    "staticContentHandlerServiceRoleDefaultPolicy0F5C5865": {
      "Type": "AWS::IAM::Policy",
      "Properties": {
        "PolicyDocument": {
          "Statement": [
            {
              "Action": [
                "s3:GetObject",
                "s3:ListBucket"
              ],
              "Effect": "Allow",
              "Resource": [
                "arn:aws:s3:::wildrydes-us-east-1",
                "arn:aws:s3:::wildrydes-us-east-1/WebApplication/1_StaticWebHosting/website/*"
              ]
            },
            {
              "Action": [
                "s3:ListBucket",
                "s3:GetObject",
                "s3:PutObject",
                "s3:PutObjectAcl",
                "s3:PutObjectVersionAcl",
                "s3:DeleteObject",
                "s3:DeleteObjectVersion",
                "s3:CopyObject"
              ],
              "Effect": "Allow",
              "Resource": [
                {
                  "Fn::Join": [
                    "",
                    [
                      "arn:aws:s3:::",
                      {
                        "Ref": "CloudFrontToS3S3Bucket9CE6AB04"
                      }
                    ]
                  ]
                },
                {
                  "Fn::Join": [
                    "",
                    [
                      "arn:aws:s3:::",
                      {
                        "Ref": "CloudFrontToS3S3Bucket9CE6AB04"
                      },
                      "/*"
                    ]
                  ]
                }
              ]
            }
          ],
          "Version": "2012-10-17"
        },
        "PolicyName": "staticContentHandlerServiceRoleDefaultPolicy0F5C5865",
        "Roles": [
          {
            "Ref": "staticContentHandlerServiceRole3B648F21"
          }
        ]
      }
    },
    "staticContentHandlerC21DFC88": {
      "Type": "AWS::Lambda::Function",
      "Properties": {
        "Code": {
          "S3Bucket": {
            "Ref": "AssetParameters1726e5810ad30312b951166bf153fa8cbc793db9019a7fa8f3440a20d21f3d36S3BucketE560DEC2"
          },
          "S3Key": {
            "Fn::Join": [
              "",
              [
                {
                  "Fn::Select": [
                    0,
                    {
                      "Fn::Split": [
                        "||",
                        {
                          "Ref": "AssetParameters1726e5810ad30312b951166bf153fa8cbc793db9019a7fa8f3440a20d21f3d36S3VersionKeyA9698665"
                        }
                      ]
                    }
                  ]
                },
                {
                  "Fn::Select": [
                    1,
                    {
                      "Fn::Split": [
                        "||",
                        {
                          "Ref": "AssetParameters1726e5810ad30312b951166bf153fa8cbc793db9019a7fa8f3440a20d21f3d36S3VersionKeyA9698665"
                        }
                      ]
                    }
                  ]
                }
              ]
            ]
          }
        },
        "Handler": "copy_s3_objects.on_event",
        "Role": {
          "Fn::GetAtt": [
            "staticContentHandlerServiceRole3B648F21",
            "Arn"
          ]
        },
        "Runtime": "python3.8",
        "Timeout": 300
      },
      "DependsOn": [
        "staticContentHandlerServiceRoleDefaultPolicy0F5C5865",
        "staticContentHandlerServiceRole3B648F21"
      ]
    },
    "CustomResourceProviderframeworkonEventServiceRole7EBC5835": {
      "Type": "AWS::IAM::Role",
      "Properties": {
        "AssumeRolePolicyDocument": {
          "Statement": [
            {
              "Action": "sts:AssumeRole",
              "Effect": "Allow",
              "Principal": {
                "Service": "lambda.amazonaws.com"
              }
            }
          ],
          "Version": "2012-10-17"
        },
        "ManagedPolicyArns": [
          {
            "Fn::Join": [
              "",
              [
                "arn:",
                {
                  "Ref": "AWS::Partition"
                },
                ":iam::aws:policy/service-role/AWSLambdaBasicExecutionRole"
              ]
            ]
          }
        ]
      }
    },
    "CustomResourceProviderframeworkonEventServiceRoleDefaultPolicy93CD1647": {
      "Type": "AWS::IAM::Policy",
      "Properties": {
        "PolicyDocument": {
          "Statement": [
            {
              "Action": "lambda:InvokeFunction",
              "Effect": "Allow",
              "Resource": {
                "Fn::GetAtt": [
                  "staticContentHandlerC21DFC88",
                  "Arn"
                ]
              }
            }
          ],
          "Version": "2012-10-17"
        },
        "PolicyName": "CustomResourceProviderframeworkonEventServiceRoleDefaultPolicy93CD1647",
        "Roles": [
          {
            "Ref": "CustomResourceProviderframeworkonEventServiceRole7EBC5835"
          }
        ]
      }
    },
    "CustomResourceProviderframeworkonEvent0AA4376C": {
      "Type": "AWS::Lambda::Function",
      "Properties": {
        "Code": {
          "S3Bucket": {
            "Ref": "AssetParametersf587c683163dea7b70b883fe8f803ffe0622a40e05b3766e08ffa9ed25caabc9S3Bucket6B4B2C9B"
          },
          "S3Key": {
            "Fn::Join": [
              "",
              [
                {
                  "Fn::Select": [
                    0,
                    {
                      "Fn::Split": [
                        "||",
                        {
                          "Ref": "AssetParametersf587c683163dea7b70b883fe8f803ffe0622a40e05b3766e08ffa9ed25caabc9S3VersionKey8971BB19"
                        }
                      ]
                    }
                  ]
                },
                {
                  "Fn::Select": [
                    1,
                    {
                      "Fn::Split": [
                        "||",
                        {
                          "Ref": "AssetParametersf587c683163dea7b70b883fe8f803ffe0622a40e05b3766e08ffa9ed25caabc9S3VersionKey8971BB19"
                        }
                      ]
                    }
                  ]
                }
              ]
            ]
          }
        },
        "Handler": "framework.onEvent",
        "Role": {
          "Fn::GetAtt": [
            "CustomResourceProviderframeworkonEventServiceRole7EBC5835",
            "Arn"
          ]
        },
        "Runtime": "nodejs10.x",
        "Environment": {
          "Variables": {
            "USER_ON_EVENT_FUNCTION_ARN": {
              "Fn::GetAtt": [
                "staticContentHandlerC21DFC88",
                "Arn"
              ]
            }
          }
        },
        "Timeout": 900
      },
      "DependsOn": [
        "CustomResourceProviderframeworkonEventServiceRoleDefaultPolicy93CD1647",
        "CustomResourceProviderframeworkonEventServiceRole7EBC5835"
      ]
    },
    "CustomResource": {
      "Type": "AWS::CloudFormation::CustomResource",
      "Properties": {
        "ServiceToken": {
          "Fn::GetAtt": [
            "CustomResourceProviderframeworkonEvent0AA4376C",
            "Arn"
          ]
        },
        "SourceBucket": "wildrydes-us-east-1",
        "SourcePrefix": "WebApplication/1_StaticWebHosting/website/",
        "Bucket": {
          "Ref": "CloudFrontToS3S3Bucket9CE6AB04"
        }
      },
      "UpdateReplacePolicy": "Delete",
      "DeletionPolicy": "Delete"
    }
  },
  "Parameters": {
    "AssetParameters1726e5810ad30312b951166bf153fa8cbc793db9019a7fa8f3440a20d21f3d36S3BucketE560DEC2": {
      "Type": "String",
      "Description": "S3 bucket for asset \"1726e5810ad30312b951166bf153fa8cbc793db9019a7fa8f3440a20d21f3d36\""
    },
    "AssetParameters1726e5810ad30312b951166bf153fa8cbc793db9019a7fa8f3440a20d21f3d36S3VersionKeyA9698665": {
      "Type": "String",
      "Description": "S3 key for asset version \"1726e5810ad30312b951166bf153fa8cbc793db9019a7fa8f3440a20d21f3d36\""
    },
    "AssetParameters1726e5810ad30312b951166bf153fa8cbc793db9019a7fa8f3440a20d21f3d36ArtifactHash171A5ECB": {
      "Type": "String",
      "Description": "Artifact hash for asset \"1726e5810ad30312b951166bf153fa8cbc793db9019a7fa8f3440a20d21f3d36\""
    },
    "AssetParametersf587c683163dea7b70b883fe8f803ffe0622a40e05b3766e08ffa9ed25caabc9S3Bucket6B4B2C9B": {
      "Type": "String",
      "Description": "S3 bucket for asset \"f587c683163dea7b70b883fe8f803ffe0622a40e05b3766e08ffa9ed25caabc9\""
    },
    "AssetParametersf587c683163dea7b70b883fe8f803ffe0622a40e05b3766e08ffa9ed25caabc9S3VersionKey8971BB19": {
      "Type": "String",
      "Description": "S3 key for asset version \"f587c683163dea7b70b883fe8f803ffe0622a40e05b3766e08ffa9ed25caabc9\""
    },
    "AssetParametersf587c683163dea7b70b883fe8f803ffe0622a40e05b3766e08ffa9ed25caabc9ArtifactHash72EE40C1": {
      "Type": "String",
      "Description": "Artifact hash for asset \"f587c683163dea7b70b883fe8f803ffe0622a40e05b3766e08ffa9ed25caabc9\""
    }
  },
  "Outputs": {
    "websiteURL": {
      "Value": {
        "Fn::Join": [
          "",
          [
            "https://",
            {
              "Fn::GetAtt": [
                "CloudFrontToS3CloudFrontDistributionCFDistribution7EEEEF4E",
                "DomainName"
              ]
            }
          ]
        ]
      }
    },
    "websiteBucket": {
      "Value": {
        "Ref": "CloudFrontToS3S3Bucket9CE6AB04"
      },
      "Export": {
        "Name": "websiteBucket"
      }
    }
  }
}