// Jest Snapshot v1, https://goo.gl/fbAQLP

exports[`snapshot test CloudFrontToS3 default params 1`] = `
Object {
  "Resources": Object {
    "testcloudfronts3CloudFrontDistributionCFDistribution61FCC088": Object {
      "Properties": Object {
        "DistributionConfig": Object {
          "DefaultCacheBehavior": Object {
            "AllowedMethods": Array [
              "GET",
              "HEAD",
            ],
            "CachedMethods": Array [
              "GET",
              "HEAD",
            ],
            "Compress": true,
            "ForwardedValues": Object {
              "Cookies": Object {
                "Forward": "none",
              },
              "QueryString": false,
            },
            "TargetOriginId": "origin1",
            "ViewerProtocolPolicy": "redirect-to-https",
          },
          "DefaultRootObject": "index.html",
          "Enabled": true,
          "HttpVersion": "http2",
          "IPV6Enabled": true,
          "Logging": Object {
            "Bucket": Object {
              "Fn::GetAtt": Array [
                "testcloudfronts3CloudfrontLoggingBucket985C0FE8",
                "RegionalDomainName",
              ],
            },
            "IncludeCookies": false,
          },
          "Origins": Array [
            Object {
              "DomainName": Object {
                "Fn::GetAtt": Array [
                  "testcloudfronts3S3BucketE0C5F76E",
                  "RegionalDomainName",
                ],
              },
              "Id": "origin1",
              "S3OriginConfig": Object {
                "OriginAccessIdentity": Object {
                  "Fn::Join": Array [
                    "",
                    Array [
                      "origin-access-identity/cloudfront/",
                      Object {
                        "Ref": "testcloudfronts3CloudFrontOriginAccessIdentity2C681839",
                      },
                    ],
                  ],
                },
              },
            },
          ],
          "PriceClass": "PriceClass_100",
          "ViewerCertificate": Object {
            "CloudFrontDefaultCertificate": true,
          },
        },
      },
      "Type": "AWS::CloudFront::Distribution",
    },
    "testcloudfronts3CloudFrontOriginAccessIdentity2C681839": Object {
      "Properties": Object {
        "CloudFrontOriginAccessIdentityConfig": Object {
          "Comment": "Access S3 bucket content only through CloudFront",
        },
      },
      "Type": "AWS::CloudFront::CloudFrontOriginAccessIdentity",
    },
    "testcloudfronts3CloudfrontLoggingBucket985C0FE8": Object {
      "DeletionPolicy": "Retain",
      "Metadata": Object {
        "cfn_nag": Object {
          "rules_to_suppress": Array [
            Object {
              "id": "W35",
              "reason": "This S3 bucket is used as the access logging bucket for CloudFront Distribution",
            },
            Object {
              "id": "W51",
              "reason": "This S3 bucket is used as the access logging bucket for CloudFront Distribution",
            },
          ],
        },
      },
      "Properties": Object {
        "AccessControl": "LogDeliveryWrite",
        "BucketEncryption": Object {
          "ServerSideEncryptionConfiguration": Array [
            Object {
              "ServerSideEncryptionByDefault": Object {
                "SSEAlgorithm": "AES256",
              },
            },
          ],
        },
        "PublicAccessBlockConfiguration": Object {
          "BlockPublicAcls": true,
          "BlockPublicPolicy": true,
          "IgnorePublicAcls": true,
          "RestrictPublicBuckets": true,
        },
        "VersioningConfiguration": Object {
          "Status": "Enabled",
        },
      },
      "Type": "AWS::S3::Bucket",
      "UpdateReplacePolicy": "Retain",
    },
    "testcloudfronts3S3BucketE0C5F76E": Object {
      "DeletionPolicy": "Retain",
      "Properties": Object {
        "BucketEncryption": Object {
          "ServerSideEncryptionConfiguration": Array [
            Object {
              "ServerSideEncryptionByDefault": Object {
                "SSEAlgorithm": "AES256",
              },
            },
          ],
        },
        "LoggingConfiguration": Object {
          "DestinationBucketName": Object {
            "Ref": "testcloudfronts3S3LoggingBucket90D239DD",
          },
        },
        "PublicAccessBlockConfiguration": Object {
          "BlockPublicAcls": true,
          "BlockPublicPolicy": true,
          "IgnorePublicAcls": true,
          "RestrictPublicBuckets": true,
        },
        "VersioningConfiguration": Object {
          "Status": "Enabled",
        },
      },
      "Type": "AWS::S3::Bucket",
      "UpdateReplacePolicy": "Retain",
    },
    "testcloudfronts3S3BucketPolicy250F1F61": Object {
      "Metadata": Object {
        "cfn_nag": Object {
          "rules_to_suppress": Array [
            Object {
              "id": "F16",
              "reason": "Public website bucket policy requires a wildcard principal",
            },
          ],
        },
      },
      "Properties": Object {
        "Bucket": Object {
          "Ref": "testcloudfronts3S3BucketE0C5F76E",
        },
        "PolicyDocument": Object {
          "Statement": Array [
            Object {
              "Action": Array [
                "s3:GetObject*",
                "s3:GetBucket*",
                "s3:List*",
              ],
              "Effect": "Allow",
              "Principal": Object {
                "AWS": Object {
                  "Fn::Join": Array [
                    "",
                    Array [
                      "arn:",
                      Object {
                        "Ref": "AWS::Partition",
                      },
                      ":iam::cloudfront:user/CloudFront Origin Access Identity ",
                      Object {
                        "Ref": "testcloudfronts3CloudFrontOriginAccessIdentity2C681839",
                      },
                    ],
                  ],
                },
              },
              "Resource": Array [
                Object {
                  "Fn::GetAtt": Array [
                    "testcloudfronts3S3BucketE0C5F76E",
                    "Arn",
                  ],
                },
                Object {
                  "Fn::Join": Array [
                    "",
                    Array [
                      Object {
                        "Fn::GetAtt": Array [
                          "testcloudfronts3S3BucketE0C5F76E",
                          "Arn",
                        ],
                      },
                      "/*",
                    ],
                  ],
                },
              ],
            },
            Object {
              "Action": "s3:GetObject",
              "Effect": "Allow",
              "Principal": Object {
                "CanonicalUser": Object {
                  "Fn::GetAtt": Array [
                    "testcloudfronts3CloudFrontOriginAccessIdentity2C681839",
                    "S3CanonicalUserId",
                  ],
                },
              },
              "Resource": Object {
                "Fn::Join": Array [
                  "",
                  Array [
                    Object {
                      "Fn::GetAtt": Array [
                        "testcloudfronts3S3BucketE0C5F76E",
                        "Arn",
                      ],
                    },
                    "/*",
                  ],
                ],
              },
            },
          ],
          "Version": "2012-10-17",
        },
      },
      "Type": "AWS::S3::BucketPolicy",
    },
    "testcloudfronts3S3LoggingBucket90D239DD": Object {
      "DeletionPolicy": "Retain",
      "Metadata": Object {
        "cfn_nag": Object {
          "rules_to_suppress": Array [
            Object {
              "id": "W35",
              "reason": "This S3 bucket is used as the access logging bucket for another bucket",
            },
            Object {
              "id": "W51",
              "reason": "This S3 bucket Bucket does not need a bucket policy",
            },
          ],
        },
      },
      "Properties": Object {
        "AccessControl": "LogDeliveryWrite",
        "BucketEncryption": Object {
          "ServerSideEncryptionConfiguration": Array [
            Object {
              "ServerSideEncryptionByDefault": Object {
                "SSEAlgorithm": "AES256",
              },
            },
          ],
        },
        "PublicAccessBlockConfiguration": Object {
          "BlockPublicAcls": true,
          "BlockPublicPolicy": true,
          "IgnorePublicAcls": true,
          "RestrictPublicBuckets": true,
        },
        "VersioningConfiguration": Object {
          "Status": "Enabled",
        },
      },
      "Type": "AWS::S3::Bucket",
      "UpdateReplacePolicy": "Retain",
    },
  },
}
`;
