{
  "Resources": {
    "LambdaFunctionServiceRole0C4CDE0B": {
      "Type": "AWS::IAM::Role",
      "Properties": {
        "AssumeRolePolicyDocument": {
          "Statement": [
            {
              "Action": "sts:AssumeRole",
              "Effect": "Allow",
              "Principal": {
                "Service": "lambda.amazonaws.com"
              }
            }
          ],
          "Version": "2012-10-17"
        },
        "Policies": [
          {
            "PolicyDocument": {
              "Statement": [
                {
                  "Action": [
                    "logs:CreateLogGroup",
                    "logs:CreateLogStream",
                    "logs:PutLogEvents"
                  ],
                  "Effect": "Allow",
                  "Resource": {
                    "Fn::Join": [
                      "",
                      [
                        "arn:aws:logs:",
                        {
                          "Ref": "AWS::Region"
                        },
                        ":",
                        {
                          "Ref": "AWS::AccountId"
                        },
                        ":log-group:/aws/lambda/*"
                      ]
                    ]
                  }
                }
              ],
              "Version": "2012-10-17"
            },
            "PolicyName": "LambdaFunctionServiceRolePolicy"
          }
        ]
      }
    },
    "LambdaFunctionBF21E41F": {
      "Type": "AWS::Lambda::Function",
      "Properties": {
        "Code": {
          "S3Bucket": {
            "Ref": "AssetParameters67a9971e29baab2bde3043bb70ce5b53318b95429a1ce9b189cf65223e8682dbS3BucketBAF5BF3A"
          },
          "S3Key": {
            "Fn::Join": [
              "",
              [
                {
                  "Fn::Select": [
                    0,
                    {
                      "Fn::Split": [
                        "||",
                        {
                          "Ref": "AssetParameters67a9971e29baab2bde3043bb70ce5b53318b95429a1ce9b189cf65223e8682dbS3VersionKeyADB3CCA3"
                        }
                      ]
                    }
                  ]
                },
                {
                  "Fn::Select": [
                    1,
                    {
                      "Fn::Split": [
                        "||",
                        {
                          "Ref": "AssetParameters67a9971e29baab2bde3043bb70ce5b53318b95429a1ce9b189cf65223e8682dbS3VersionKeyADB3CCA3"
                        }
                      ]
                    }
                  ]
                }
              ]
            ]
          }
        },
        "Handler": "index.handler",
        "Role": {
          "Fn::GetAtt": [
            "LambdaFunctionServiceRole0C4CDE0B",
            "Arn"
          ]
        },
        "Runtime": "nodejs12.x",
        "Environment": {
          "Variables": {
            "AWS_NODEJS_CONNECTION_REUSE_ENABLED": "1",
            "DOMAIN_ENDPOINT": {
              "Fn::GetAtt": [
                "ElasticsearchDomain",
                "DomainEndpoint"
              ]
            }
          }
        }
      },
      "DependsOn": [
        "LambdaFunctionServiceRole0C4CDE0B"
      ],
      "Metadata": {
        "cfn_nag": {
          "rules_to_suppress": [
            {
              "id": "W58",
              "reason": "Lambda functions has the required permission to write CloudWatch Logs. It uses custom policy instead of arn:aws:iam::aws:policy/service-role/AWSLambdaBasicExecutionRole with more tighter permissions."
            }
          ]
        }
      }
    },
    "CognitoUserPool53E37E69": {
      "Type": "AWS::Cognito::UserPool",
      "Properties": {
        "LambdaConfig": {},
        "UserPoolAddOns": {
          "AdvancedSecurityMode": "ENFORCED"
        }
      }
    },
    "CognitoUserPoolClient5AB59AE4": {
      "Type": "AWS::Cognito::UserPoolClient",
      "Properties": {
        "UserPoolId": {
          "Ref": "CognitoUserPool53E37E69"
        }
      }
    },
    "CognitoIdentityPool": {
      "Type": "AWS::Cognito::IdentityPool",
      "Properties": {
        "AllowUnauthenticatedIdentities": false,
        "CognitoIdentityProviders": [
          {
            "ClientId": {
              "Ref": "CognitoUserPoolClient5AB59AE4"
            },
            "ProviderName": {
              "Fn::GetAtt": [
                "CognitoUserPool53E37E69",
                "ProviderName"
              ]
            },
            "ServerSideTokenCheck": true
          }
        ]
      }
    },
    "UserPoolDomain": {
      "Type": "AWS::Cognito::UserPoolDomain",
      "Properties": {
        "Domain": "test-domain1",
        "UserPoolId": {
          "Ref": "CognitoUserPool53E37E69"
        }
      },
      "DependsOn": [
        "CognitoUserPool53E37E69"
      ]
    },
    "CognitoAuthorizedRole14E74FE0": {
      "Type": "AWS::IAM::Role",
      "Properties": {
        "AssumeRolePolicyDocument": {
          "Statement": [
            {
              "Action": "sts:AssumeRoleWithWebIdentity",
              "Condition": {
                "StringEquals": {
                  "cognito-identity.amazonaws.com:aud": {
                    "Ref": "CognitoIdentityPool"
                  }
                },
                "ForAnyValue:StringLike": {
                  "cognito-identity.amazonaws.com:amr": "authenticated"
                }
              },
              "Effect": "Allow",
              "Principal": {
                "Federated": "cognito-identity.amazonaws.com"
              }
            }
          ],
          "Version": "2012-10-17"
        },
        "Policies": [
          {
            "PolicyDocument": {
              "Statement": [
                {
                  "Action": "es:ESHttp*",
                  "Effect": "Allow",
                  "Resource": {
                    "Fn::Join": [
                      "",
                      [
                        "arn:aws:es:",
                        {
                          "Ref": "AWS::Region"
                        },
                        ":",
                        {
                          "Ref": "AWS::AccountId"
                        },
                        ":domain/test-domain1/*"
                      ]
                    ]
                  }
                }
              ],
              "Version": "2012-10-17"
            },
            "PolicyName": "CognitoAccessPolicy"
          }
        ]
      }
    },
    "IdentityPoolRoleMapping": {
      "Type": "AWS::Cognito::IdentityPoolRoleAttachment",
      "Properties": {
        "IdentityPoolId": {
          "Ref": "CognitoIdentityPool"
        },
        "Roles": {
          "authenticated": {
            "Fn::GetAtt": [
              "CognitoAuthorizedRole14E74FE0",
              "Arn"
            ]
          }
        }
      }
    },
    "CognitoKibanaConfigureRole62CCE76A": {
      "Type": "AWS::IAM::Role",
      "Properties": {
        "AssumeRolePolicyDocument": {
          "Statement": [
            {
              "Action": "sts:AssumeRole",
              "Effect": "Allow",
              "Principal": {
                "Service": "es.amazonaws.com"
              }
            }
          ],
          "Version": "2012-10-17"
        }
      }
    },
    "CognitoKibanaConfigureRolePolicy76F46A5E": {
      "Type": "AWS::IAM::Policy",
      "Properties": {
        "PolicyDocument": {
          "Statement": [
            {
              "Action": [
                "cognito-idp:DescribeUserPool",
                "cognito-idp:CreateUserPoolClient",
                "cognito-idp:DeleteUserPoolClient",
                "cognito-idp:DescribeUserPoolClient",
                "cognito-idp:AdminInitiateAuth",
                "cognito-idp:AdminUserGlobalSignOut",
                "cognito-idp:ListUserPoolClients",
                "cognito-identity:DescribeIdentityPool",
                "cognito-identity:UpdateIdentityPool",
                "cognito-identity:SetIdentityPoolRoles",
                "cognito-identity:GetIdentityPoolRoles",
                "es:UpdateElasticsearchDomainConfig"
              ],
              "Effect": "Allow",
              "Resource": [
                {
                  "Fn::GetAtt": [
                    "CognitoUserPool53E37E69",
                    "Arn"
                  ]
                },
                {
                  "Fn::Join": [
                    "",
                    [
                      "arn:aws:cognito-identity:",
                      {
                        "Ref": "AWS::Region"
                      },
                      ":",
                      {
                        "Ref": "AWS::AccountId"
                      },
                      ":identitypool/",
                      {
                        "Ref": "CognitoIdentityPool"
                      }
                    ]
                  ]
                },
                {
                  "Fn::Join": [
                    "",
                    [
                      "arn:aws:es:",
                      {
                        "Ref": "AWS::Region"
                      },
                      ":",
                      {
                        "Ref": "AWS::AccountId"
                      },
                      ":domain/test-domain1"
                    ]
                  ]
                }
              ]
            },
            {
              "Action": "iam:PassRole",
              "Condition": {
                "StringLike": {
                  "iam:PassedToService": "cognito-identity.amazonaws.com"
                }
              },
              "Effect": "Allow",
              "Resource": {
                "Fn::GetAtt": [
                  "CognitoKibanaConfigureRole62CCE76A",
                  "Arn"
                ]
              }
            }
          ],
          "Version": "2012-10-17"
        },
        "PolicyName": "CognitoKibanaConfigureRolePolicy76F46A5E",
        "Roles": [
          {
            "Ref": "CognitoKibanaConfigureRole62CCE76A"
          }
        ]
      }
    },
    "ElasticsearchDomain": {
      "Type": "AWS::Elasticsearch::Domain",
      "Properties": {
        "AccessPolicies": {
          "Statement": [
            {
              "Action": "es:ESHttp*",
              "Effect": "Allow",
              "Principal": {
                "AWS": [
                  {
                    "Fn::GetAtt": [
                      "CognitoAuthorizedRole14E74FE0",
                      "Arn"
                    ]
                  },
                  {
                    "Fn::GetAtt": [
                      "LambdaFunctionServiceRole0C4CDE0B",
                      "Arn"
                    ]
                  }
                ]
              },
              "Resource": {
                "Fn::Join": [
                  "",
                  [
                    "arn:aws:es:",
                    {
                      "Ref": "AWS::Region"
                    },
                    ":",
                    {
                      "Ref": "AWS::AccountId"
                    },
                    ":domain/test-domain1/*"
                  ]
                ]
              }
            }
          ],
          "Version": "2012-10-17"
        },
        "CognitoOptions": {
          "Enabled": true,
          "IdentityPoolId": {
            "Ref": "CognitoIdentityPool"
          },
          "RoleArn": {
            "Fn::GetAtt": [
              "CognitoKibanaConfigureRole62CCE76A",
              "Arn"
            ]
          },
          "UserPoolId": {
            "Ref": "CognitoUserPool53E37E69"
          }
        },
        "DomainName": "test-domain1",
        "EBSOptions": {
          "EBSEnabled": true,
          "VolumeSize": 10
        },
        "ElasticsearchClusterConfig": {
          "DedicatedMasterCount": 3,
          "DedicatedMasterEnabled": true,
          "InstanceCount": 3,
          "ZoneAwarenessConfig": {
            "AvailabilityZoneCount": 3
          },
          "ZoneAwarenessEnabled": true
        },
        "ElasticsearchVersion": "6.3",
        "EncryptionAtRestOptions": {
          "Enabled": true
        },
        "NodeToNodeEncryptionOptions": {
          "Enabled": true
        },
        "SnapshotOptions": {
          "AutomatedSnapshotStartHour": 1
        }
      },
      "Metadata": {
        "cfn_nag": {
          "rules_to_suppress": [
            {
              "id": "W28",
              "reason": "The ES Domain is passed dynamically as as parameter and explicitly specified to ensure that IAM policies are configured to lockdown access to this specific ES instance only"
            }
          ]
        }
      }
    },
    "StatusRedAlarm4CE918C2": {
      "Type": "AWS::CloudWatch::Alarm",
      "Properties": {
        "ComparisonOperator": "GreaterThanOrEqualToThreshold",
        "EvaluationPeriods": 1,
        "AlarmDescription": "At least one primary shard and its replicas are not allocated to a node. ",
        "MetricName": "ClusterStatus.red",
        "Namespace": "AWS/ES",
        "Period": 60,
        "Statistic": "Maximum",
        "Threshold": 1
      }
    },
    "StatusYellowAlarm2B20F083": {
      "Type": "AWS::CloudWatch::Alarm",
      "Properties": {
        "ComparisonOperator": "GreaterThanOrEqualToThreshold",
        "EvaluationPeriods": 1,
        "AlarmDescription": "At least one replica shard is not allocated to a node.",
        "MetricName": "ClusterStatus.yellow",
        "Namespace": "AWS/ES",
        "Period": 60,
        "Statistic": "Maximum",
        "Threshold": 1
      }
    },
    "FreeStorageSpaceTooLowAlarm3410CBE2": {
      "Type": "AWS::CloudWatch::Alarm",
      "Properties": {
        "ComparisonOperator": "LessThanOrEqualToThreshold",
        "EvaluationPeriods": 1,
        "AlarmDescription": "A node in your cluster is down to 20 GiB of free storage space.",
        "MetricName": "FreeStorageSpace",
        "Namespace": "AWS/ES",
        "Period": 60,
        "Statistic": "Minimum",
        "Threshold": 2000
      }
    },
    "IndexWritesBlockedTooHighAlarm5F7E9A55": {
      "Type": "AWS::CloudWatch::Alarm",
      "Properties": {
        "ComparisonOperator": "GreaterThanOrEqualToThreshold",
        "EvaluationPeriods": 1,
        "AlarmDescription": "Your cluster is blocking write requests.",
        "MetricName": "ClusterIndexWritesBlocked",
        "Namespace": "AWS/ES",
        "Period": 300,
        "Statistic": "Maximum",
        "Threshold": 1
      }
    },
    "AutomatedSnapshotFailureTooHighAlarmA7918D4F": {
      "Type": "AWS::CloudWatch::Alarm",
      "Properties": {
        "ComparisonOperator": "GreaterThanOrEqualToThreshold",
        "EvaluationPeriods": 1,
        "AlarmDescription": "An automated snapshot failed. This failure is often the result of a red cluster health status.",
        "MetricName": "AutomatedSnapshotFailure",
        "Namespace": "AWS/ES",
        "Period": 60,
        "Statistic": "Maximum",
        "Threshold": 1
      }
    },
    "CPUUtilizationTooHighAlarmA395C469": {
      "Type": "AWS::CloudWatch::Alarm",
      "Properties": {
        "ComparisonOperator": "GreaterThanOrEqualToThreshold",
        "EvaluationPeriods": 3,
        "AlarmDescription": "100% CPU utilization is not uncommon, but sustained high usage is problematic. Consider using larger instance types or adding instances.",
        "MetricName": "CPUUtilization",
        "Namespace": "AWS/ES",
        "Period": 900,
        "Statistic": "Average",
        "Threshold": 80
      }
    },
    "JVMMemoryPressureTooHighAlarm303EEA7C": {
      "Type": "AWS::CloudWatch::Alarm",
      "Properties": {
        "ComparisonOperator": "GreaterThanOrEqualToThreshold",
        "EvaluationPeriods": 1,
        "AlarmDescription": "Average JVM memory pressure over last 15 minutes too high. Consider scaling vertically.",
        "MetricName": "JVMMemoryPressure",
        "Namespace": "AWS/ES",
        "Period": 900,
        "Statistic": "Average",
        "Threshold": 80
      }
    },
    "MasterCPUUtilizationTooHighAlarm1CE1084B": {
      "Type": "AWS::CloudWatch::Alarm",
      "Properties": {
        "ComparisonOperator": "GreaterThanOrEqualToThreshold",
        "EvaluationPeriods": 3,
        "AlarmDescription": "Average CPU utilization over last 45 minutes too high. Consider using larger instance types for your dedicated master nodes.",
        "MetricName": "MasterCPUUtilization",
        "Namespace": "AWS/ES",
        "Period": 900,
        "Statistic": "Average",
        "Threshold": 50
      }
    },
    "MasterJVMMemoryPressureTooHighAlarmBB15F770": {
      "Type": "AWS::CloudWatch::Alarm",
      "Properties": {
        "ComparisonOperator": "GreaterThanOrEqualToThreshold",
        "EvaluationPeriods": 1,
        "AlarmDescription": "Average JVM memory pressure over last 15 minutes too high. Consider scaling vertically.",
        "MetricName": "MasterJVMMemoryPressure",
        "Namespace": "AWS/ES",
        "Period": 900,
        "Statistic": "Average",
        "Threshold": 50
      }
    }
  },
  "Parameters": {
    "AssetParameters67a9971e29baab2bde3043bb70ce5b53318b95429a1ce9b189cf65223e8682dbS3BucketBAF5BF3A": {
      "Type": "String",
      "Description": "S3 bucket for asset \"67a9971e29baab2bde3043bb70ce5b53318b95429a1ce9b189cf65223e8682db\""
    },
    "AssetParameters67a9971e29baab2bde3043bb70ce5b53318b95429a1ce9b189cf65223e8682dbS3VersionKeyADB3CCA3": {
      "Type": "String",
      "Description": "S3 key for asset version \"67a9971e29baab2bde3043bb70ce5b53318b95429a1ce9b189cf65223e8682db\""
    },
    "AssetParameters67a9971e29baab2bde3043bb70ce5b53318b95429a1ce9b189cf65223e8682dbArtifactHash322F5E2F": {
      "Type": "String",
      "Description": "Artifact hash for asset \"67a9971e29baab2bde3043bb70ce5b53318b95429a1ce9b189cf65223e8682db\""
    }
  }
}