{
  "Description": "Integration Test for aws-apigateway-sqs",
  "Resources": {
    "testapigatewaysqsRestApi557C7EDC": {
      "Type": "AWS::ApiGateway::RestApi",
      "Properties": {
        "EndpointConfiguration": {
          "Types": [
            "EDGE"
          ]
        },
        "Name": "RestApi"
      }
    },
    "testapigatewaysqsRestApiDeploymentCA19D372c3b49be7d97efd65e90b7b5084cd80d8": {
      "Type": "AWS::ApiGateway::Deployment",
      "Properties": {
        "RestApiId": {
          "Ref": "testapigatewaysqsRestApi557C7EDC"
        },
        "Description": "Automatically created by the RestApi construct"
      },
      "DependsOn": [
        "testapigatewaysqsRestApiGET4AA265C9",
        "testapigatewaysqsRestApimessageDELETE2D4539B7",
        "testapigatewaysqsRestApimessage6D62B7B0",
        "testapigatewaysqsRestApiPOST26D15DBA"
      ],
      "Metadata": {
        "cfn_nag": {
          "rules_to_suppress": [
            {
              "id": "W45",
              "reason": "ApiGateway has AccessLogging enabled in AWS::ApiGateway::Stage resource, but cfn_nag checkes for it in AWS::ApiGateway::Deployment resource"
            }
          ]
        }
      }
    },
    "testapigatewaysqsRestApiDeploymentStageprod1C007159": {
      "Type": "AWS::ApiGateway::Stage",
      "Properties": {
        "RestApiId": {
          "Ref": "testapigatewaysqsRestApi557C7EDC"
        },
        "AccessLogSetting": {
          "DestinationArn": {
            "Fn::GetAtt": [
              "testapigatewaysqsApiAccessLogGroup37AB0350",
              "Arn"
            ]
          },
          "Format": "$context.identity.sourceIp $context.identity.caller $context.identity.user [$context.requestTime] \"$context.httpMethod $context.resourcePath $context.protocol\" $context.status $context.responseLength $context.requestId"
        },
        "DeploymentId": {
          "Ref": "testapigatewaysqsRestApiDeploymentCA19D372c3b49be7d97efd65e90b7b5084cd80d8"
        },
        "MethodSettings": [
          {
            "DataTraceEnabled": true,
            "HttpMethod": "*",
            "LoggingLevel": "INFO",
            "ResourcePath": "/*"
          }
        ],
        "StageName": "prod"
      }
    },
    "testapigatewaysqsRestApimessage6D62B7B0": {
      "Type": "AWS::ApiGateway::Resource",
      "Properties": {
        "ParentId": {
          "Fn::GetAtt": [
            "testapigatewaysqsRestApi557C7EDC",
            "RootResourceId"
          ]
        },
        "PathPart": "message",
        "RestApiId": {
          "Ref": "testapigatewaysqsRestApi557C7EDC"
        }
      }
    },
    "testapigatewaysqsRestApimessageDELETE2D4539B7": {
      "Type": "AWS::ApiGateway::Method",
      "Properties": {
        "HttpMethod": "DELETE",
        "ResourceId": {
          "Ref": "testapigatewaysqsRestApimessage6D62B7B0"
        },
        "RestApiId": {
          "Ref": "testapigatewaysqsRestApi557C7EDC"
        },
        "AuthorizationType": "AWS_IAM",
        "Integration": {
          "Credentials": {
            "Fn::GetAtt": [
              "testapigatewaysqsapigatewayrole07110CD6",
              "Arn"
            ]
          },
          "IntegrationHttpMethod": "POST",
          "IntegrationResponses": [
            {
              "StatusCode": "200"
            },
            {
              "ResponseTemplates": {
                "text/html": "Error"
              },
              "SelectionPattern": "500",
              "StatusCode": "500"
            }
          ],
          "PassthroughBehavior": "NEVER",
          "RequestParameters": {
            "integration.request.header.Content-Type": "'application/x-www-form-urlencoded'"
          },
          "RequestTemplates": {
            "application/json": "Action=DeleteMessage&ReceiptHandle=$util.urlEncode($input.params('receiptHandle'))"
          },
          "Type": "AWS",
          "Uri": {
            "Fn::Join": [
              "",
              [
                "arn:",
                {
                  "Ref": "AWS::Partition"
                },
                ":apigateway:",
                {
                  "Ref": "AWS::Region"
                },
                ":sqs:path/",
                {
                  "Ref": "AWS::AccountId"
                },
                "/",
                {
                  "Fn::GetAtt": [
                    "queue276F7297",
                    "QueueName"
                  ]
                }
              ]
            ]
          }
        },
        "MethodResponses": [
          {
            "ResponseParameters": {
              "method.response.header.Content-Type": true
            },
            "StatusCode": "200"
          },
          {
            "ResponseParameters": {
              "method.response.header.Content-Type": true
            },
            "StatusCode": "500"
          }
        ]
      }
    },
    "testapigatewaysqsRestApiPOST26D15DBA": {
      "Type": "AWS::ApiGateway::Method",
      "Properties": {
        "HttpMethod": "POST",
        "ResourceId": {
          "Fn::GetAtt": [
            "testapigatewaysqsRestApi557C7EDC",
            "RootResourceId"
          ]
        },
        "RestApiId": {
          "Ref": "testapigatewaysqsRestApi557C7EDC"
        },
        "AuthorizationType": "AWS_IAM",
        "Integration": {
          "Credentials": {
            "Fn::GetAtt": [
              "testapigatewaysqsapigatewayrole07110CD6",
              "Arn"
            ]
          },
          "IntegrationHttpMethod": "POST",
          "IntegrationResponses": [
            {
              "StatusCode": "200"
            },
            {
              "ResponseTemplates": {
                "text/html": "Error"
              },
              "SelectionPattern": "500",
              "StatusCode": "500"
            }
          ],
          "PassthroughBehavior": "NEVER",
          "RequestParameters": {
            "integration.request.header.Content-Type": "'application/x-www-form-urlencoded'"
          },
          "RequestTemplates": {
            "application/json": "Action=SendMessage&MessageBody=$util.urlEncode(\"$input.body\")"
          },
          "Type": "AWS",
          "Uri": {
            "Fn::Join": [
              "",
              [
                "arn:",
                {
                  "Ref": "AWS::Partition"
                },
                ":apigateway:",
                {
                  "Ref": "AWS::Region"
                },
                ":sqs:path/",
                {
                  "Ref": "AWS::AccountId"
                },
                "/",
                {
                  "Fn::GetAtt": [
                    "queue276F7297",
                    "QueueName"
                  ]
                }
              ]
            ]
          }
        },
        "MethodResponses": [
          {
            "ResponseParameters": {
              "method.response.header.Content-Type": true
            },
            "StatusCode": "200"
          },
          {
            "ResponseParameters": {
              "method.response.header.Content-Type": true
            },
            "StatusCode": "500"
          }
        ]
      }
    },
    "testapigatewaysqsRestApiGET4AA265C9": {
      "Type": "AWS::ApiGateway::Method",
      "Properties": {
        "HttpMethod": "GET",
        "ResourceId": {
          "Fn::GetAtt": [
            "testapigatewaysqsRestApi557C7EDC",
            "RootResourceId"
          ]
        },
        "RestApiId": {
          "Ref": "testapigatewaysqsRestApi557C7EDC"
        },
        "AuthorizationType": "AWS_IAM",
        "Integration": {
          "Credentials": {
            "Fn::GetAtt": [
              "testapigatewaysqsapigatewayrole07110CD6",
              "Arn"
            ]
          },
          "IntegrationHttpMethod": "POST",
          "IntegrationResponses": [
            {
              "StatusCode": "200"
            },
            {
              "ResponseTemplates": {
                "text/html": "Error"
              },
              "SelectionPattern": "500",
              "StatusCode": "500"
            }
          ],
          "PassthroughBehavior": "NEVER",
          "RequestParameters": {
            "integration.request.header.Content-Type": "'application/x-www-form-urlencoded'"
          },
          "RequestTemplates": {
            "application/json": "Action=ReceiveMessage"
          },
          "Type": "AWS",
          "Uri": {
            "Fn::Join": [
              "",
              [
                "arn:",
                {
                  "Ref": "AWS::Partition"
                },
                ":apigateway:",
                {
                  "Ref": "AWS::Region"
                },
                ":sqs:path/",
                {
                  "Ref": "AWS::AccountId"
                },
                "/",
                {
                  "Fn::GetAtt": [
                    "queue276F7297",
                    "QueueName"
                  ]
                }
              ]
            ]
          }
        },
        "MethodResponses": [
          {
            "ResponseParameters": {
              "method.response.header.Content-Type": true
            },
            "StatusCode": "200"
          },
          {
            "ResponseParameters": {
              "method.response.header.Content-Type": true
            },
            "StatusCode": "500"
          }
        ]
      }
    },
    "testapigatewaysqsRestApiUsagePlan2295EB95": {
      "Type": "AWS::ApiGateway::UsagePlan",
      "Properties": {
        "ApiStages": [
          {
            "ApiId": {
              "Ref": "testapigatewaysqsRestApi557C7EDC"
            },
            "Stage": {
              "Ref": "testapigatewaysqsRestApiDeploymentStageprod1C007159"
            },
            "Throttle": {}
          }
        ]
      }
    },
    "testapigatewaysqsApiAccessLogGroup37AB0350": {
      "Type": "AWS::Logs::LogGroup",
      "UpdateReplacePolicy": "Retain",
      "DeletionPolicy": "Retain"
    },
    "testapigatewaysqsLambdaRestApiCloudWatchRoleF10D0F78": {
      "Type": "AWS::IAM::Role",
      "Properties": {
        "AssumeRolePolicyDocument": {
          "Statement": [
            {
              "Action": "sts:AssumeRole",
              "Effect": "Allow",
              "Principal": {
                "Service": "apigateway.amazonaws.com"
              }
            }
          ],
          "Version": "2012-10-17"
        },
        "Policies": [
          {
            "PolicyDocument": {
              "Statement": [
                {
                  "Action": [
                    "logs:CreateLogGroup",
                    "logs:CreateLogStream",
                    "logs:DescribeLogGroups",
                    "logs:DescribeLogStreams",
                    "logs:PutLogEvents",
                    "logs:GetLogEvents",
                    "logs:FilterLogEvents"
                  ],
                  "Effect": "Allow",
                  "Resource": {
                    "Fn::Join": [
                      "",
                      [
                        "arn:aws:logs:",
                        {
                          "Ref": "AWS::Region"
                        },
                        ":",
                        {
                          "Ref": "AWS::AccountId"
                        },
                        ":*"
                      ]
                    ]
                  }
                }
              ],
              "Version": "2012-10-17"
            },
            "PolicyName": "LambdaRestApiCloudWatchRolePolicy"
          }
        ]
      }
    },
    "testapigatewaysqsLambdaRestApiAccountACC6BE82": {
      "Type": "AWS::ApiGateway::Account",
      "Properties": {
        "CloudWatchRoleArn": {
          "Fn::GetAtt": [
            "testapigatewaysqsLambdaRestApiCloudWatchRoleF10D0F78",
            "Arn"
          ]
        }
      },
      "DependsOn": [
        "testapigatewaysqsRestApi557C7EDC"
      ]
    },
    "testapigatewaysqsapigatewayrole07110CD6": {
      "Type": "AWS::IAM::Role",
      "Properties": {
        "AssumeRolePolicyDocument": {
          "Statement": [
            {
              "Action": "sts:AssumeRole",
              "Effect": "Allow",
              "Principal": {
                "Service": "apigateway.amazonaws.com"
              }
            }
          ],
          "Version": "2012-10-17"
        }
      }
    },
    "testapigatewaysqsapigatewayroleDefaultPolicy052E7AD5": {
      "Type": "AWS::IAM::Policy",
      "Properties": {
        "PolicyDocument": {
          "Statement": [
            {
              "Action": [
                "kms:Decrypt",
                "kms:Encrypt",
                "kms:ReEncrypt*",
                "kms:GenerateDataKey*"
              ],
              "Effect": "Allow",
              "Resource": {
                "Fn::GetAtt": [
                  "EncryptionKey1B843E66",
                  "Arn"
                ]
              }
            },
            {
              "Action": "sqs:SendMessage",
              "Effect": "Allow",
              "Resource": {
                "Fn::GetAtt": [
                  "queue276F7297",
                  "Arn"
                ]
              }
            },
            {
              "Action": "sqs:ReceiveMessage",
              "Effect": "Allow",
              "Resource": {
                "Fn::GetAtt": [
                  "queue276F7297",
                  "Arn"
                ]
              }
            },
            {
              "Action": "sqs:DeleteMessage",
              "Effect": "Allow",
              "Resource": {
                "Fn::GetAtt": [
                  "queue276F7297",
                  "Arn"
                ]
              }
            }
          ],
          "Version": "2012-10-17"
        },
        "PolicyName": "testapigatewaysqsapigatewayroleDefaultPolicy052E7AD5",
        "Roles": [
          {
            "Ref": "testapigatewaysqsapigatewayrole07110CD6"
          }
        ]
      }
    },
    "EncryptionKey1B843E66": {
      "Type": "AWS::KMS::Key",
      "Properties": {
        "KeyPolicy": {
          "Statement": [
            {
              "Action": [
                "kms:Create*",
                "kms:Describe*",
                "kms:Enable*",
                "kms:List*",
                "kms:Put*",
                "kms:Update*",
                "kms:Revoke*",
                "kms:Disable*",
                "kms:Get*",
                "kms:Delete*",
                "kms:ScheduleKeyDeletion",
                "kms:CancelKeyDeletion",
                "kms:GenerateDataKey",
                "kms:TagResource",
                "kms:UntagResource"
              ],
              "Effect": "Allow",
              "Principal": {
                "AWS": {
                  "Fn::Join": [
                    "",
                    [
                      "arn:",
                      {
                        "Ref": "AWS::Partition"
                      },
                      ":iam::",
                      {
                        "Ref": "AWS::AccountId"
                      },
                      ":root"
                    ]
                  ]
                }
              },
              "Resource": "*"
            },
            {
              "Action": [
                "kms:Decrypt",
                "kms:Encrypt",
                "kms:ReEncrypt*",
                "kms:GenerateDataKey*"
              ],
              "Effect": "Allow",
              "Principal": {
                "AWS": {
                  "Fn::GetAtt": [
                    "testapigatewaysqsapigatewayrole07110CD6",
                    "Arn"
                  ]
                }
              },
              "Resource": "*"
            }
          ],
          "Version": "2012-10-17"
        },
        "EnableKeyRotation": true
      },
      "UpdateReplacePolicy": "Retain",
      "DeletionPolicy": "Retain"
    },
    "deadLetterQueue3F848E28": {
      "Type": "AWS::SQS::Queue",
      "Properties": {
        "KmsMasterKeyId": {
          "Fn::GetAtt": [
            "EncryptionKey1B843E66",
            "Arn"
          ]
        }
      }
    },
    "queue276F7297": {
      "Type": "AWS::SQS::Queue",
      "Properties": {
        "KmsMasterKeyId": {
          "Fn::GetAtt": [
            "EncryptionKey1B843E66",
            "Arn"
          ]
        },
        "RedrivePolicy": {
          "deadLetterTargetArn": {
            "Fn::GetAtt": [
              "deadLetterQueue3F848E28",
              "Arn"
            ]
          },
          "maxReceiveCount": 3
        }
      }
    }
  },
  "Outputs": {
    "testapigatewaysqsRestApiEndpointD98015FF": {
      "Value": {
        "Fn::Join": [
          "",
          [
            "https://",
            {
              "Ref": "testapigatewaysqsRestApi557C7EDC"
            },
            ".execute-api.",
            {
              "Ref": "AWS::Region"
            },
            ".",
            {
              "Ref": "AWS::URLSuffix"
            },
            "/",
            {
              "Ref": "testapigatewaysqsRestApiDeploymentStageprod1C007159"
            },
            "/"
          ]
        ]
      }
    }
  }
}