{
  "Description": "Integration Test for aws-cloudfront-s3",
  "Resources": {
    "testcloudfronts3S3LoggingBucket90D239DD": {
      "Type": "AWS::S3::Bucket",
      "Properties": {
        "AccessControl": "LogDeliveryWrite",
        "BucketEncryption": {
          "ServerSideEncryptionConfiguration": [
            {
              "ServerSideEncryptionByDefault": {
                "SSEAlgorithm": "AES256"
              }
            }
          ]
        },
        "PublicAccessBlockConfiguration": {
          "BlockPublicAcls": true,
          "BlockPublicPolicy": true,
          "IgnorePublicAcls": true,
          "RestrictPublicBuckets": true
        },
        "VersioningConfiguration": {
          "Status": "Enabled"
        }
      },
      "UpdateReplacePolicy": "Retain",
      "DeletionPolicy": "Retain",
      "Metadata": {
        "cfn_nag": {
          "rules_to_suppress": [
            {
              "id": "W35",
              "reason": "This S3 bucket is used as the access logging bucket for another bucket"
            },
            {
              "id": "W51",
              "reason": "This S3 bucket Bucket does not need a bucket policy"
            }
          ]
        }
      }
    },
    "testcloudfronts3S3BucketE0C5F76E": {
      "Type": "AWS::S3::Bucket",
      "Properties": {
        "BucketEncryption": {
          "ServerSideEncryptionConfiguration": [
            {
              "ServerSideEncryptionByDefault": {
                "SSEAlgorithm": "AES256"
              }
            }
          ]
        },
        "LoggingConfiguration": {
          "DestinationBucketName": {
            "Ref": "testcloudfronts3S3LoggingBucket90D239DD"
          }
        },
        "PublicAccessBlockConfiguration": {
          "BlockPublicAcls": true,
          "BlockPublicPolicy": true,
          "IgnorePublicAcls": true,
          "RestrictPublicBuckets": true
        },
        "VersioningConfiguration": {
          "Status": "Enabled"
        }
      },
      "UpdateReplacePolicy": "Retain",
      "DeletionPolicy": "Retain"
    },
    "testcloudfronts3S3BucketPolicy250F1F61": {
      "Type": "AWS::S3::BucketPolicy",
      "Properties": {
        "Bucket": {
          "Ref": "testcloudfronts3S3BucketE0C5F76E"
        },
        "PolicyDocument": {
          "Statement": [
            {
              "Action": [
                "s3:GetObject*",
                "s3:GetBucket*",
                "s3:List*"
              ],
              "Effect": "Allow",
              "Principal": {
                "AWS": {
                  "Fn::Join": [
                    "",
                    [
                      "arn:",
                      {
                        "Ref": "AWS::Partition"
                      },
                      ":iam::cloudfront:user/CloudFront Origin Access Identity ",
                      {
                        "Ref": "testcloudfronts3CloudFrontOriginAccessIdentity2C681839"
                      }
                    ]
                  ]
                }
              },
              "Resource": [
                {
                  "Fn::GetAtt": [
                    "testcloudfronts3S3BucketE0C5F76E",
                    "Arn"
                  ]
                },
                {
                  "Fn::Join": [
                    "",
                    [
                      {
                        "Fn::GetAtt": [
                          "testcloudfronts3S3BucketE0C5F76E",
                          "Arn"
                        ]
                      },
                      "/*"
                    ]
                  ]
                }
              ]
            },
            {
              "Action": "s3:GetObject",
              "Effect": "Allow",
              "Principal": {
                "CanonicalUser": {
                  "Fn::GetAtt": [
                    "testcloudfronts3CloudFrontOriginAccessIdentity2C681839",
                    "S3CanonicalUserId"
                  ]
                }
              },
              "Resource": {
                "Fn::Join": [
                  "",
                  [
                    {
                      "Fn::GetAtt": [
                        "testcloudfronts3S3BucketE0C5F76E",
                        "Arn"
                      ]
                    },
                    "/*"
                  ]
                ]
              }
            }
          ],
          "Version": "2012-10-17"
        }
      },
      "Metadata": {
        "cfn_nag": {
          "rules_to_suppress": [
            {
              "id": "F16",
              "reason": "Public website bucket policy requires a wildcard principal"
            }
          ]
        }
      }
    },
    "testcloudfronts3CloudfrontLoggingBucket985C0FE8": {
      "Type": "AWS::S3::Bucket",
      "Properties": {
        "AccessControl": "LogDeliveryWrite",
        "BucketEncryption": {
          "ServerSideEncryptionConfiguration": [
            {
              "ServerSideEncryptionByDefault": {
                "SSEAlgorithm": "AES256"
              }
            }
          ]
        },
        "PublicAccessBlockConfiguration": {
          "BlockPublicAcls": true,
          "BlockPublicPolicy": true,
          "IgnorePublicAcls": true,
          "RestrictPublicBuckets": true
        },
        "VersioningConfiguration": {
          "Status": "Enabled"
        }
      },
      "UpdateReplacePolicy": "Retain",
      "DeletionPolicy": "Retain",
      "Metadata": {
        "cfn_nag": {
          "rules_to_suppress": [
            {
              "id": "W35",
              "reason": "This S3 bucket is used as the access logging bucket for CloudFront Distribution"
            },
            {
              "id": "W51",
              "reason": "This S3 bucket is used as the access logging bucket for CloudFront Distribution"
            }
          ]
        }
      }
    },
    "testcloudfronts3CloudFrontOriginAccessIdentity2C681839": {
      "Type": "AWS::CloudFront::CloudFrontOriginAccessIdentity",
      "Properties": {
        "CloudFrontOriginAccessIdentityConfig": {
          "Comment": "Access S3 bucket content only through CloudFront"
        }
      }
    },
    "testcloudfronts3CloudFrontDistributionCFDistribution61FCC088": {
      "Type": "AWS::CloudFront::Distribution",
      "Properties": {
        "DistributionConfig": {
          "DefaultCacheBehavior": {
            "AllowedMethods": [
              "GET",
              "HEAD"
            ],
            "CachedMethods": [
              "GET",
              "HEAD"
            ],
            "Compress": true,
            "ForwardedValues": {
              "Cookies": {
                "Forward": "none"
              },
              "QueryString": false
            },
            "TargetOriginId": "origin1",
            "ViewerProtocolPolicy": "redirect-to-https"
          },
          "DefaultRootObject": "index.html",
          "Enabled": true,
          "HttpVersion": "http2",
          "IPV6Enabled": true,
          "Logging": {
            "Bucket": {
              "Fn::GetAtt": [
                "testcloudfronts3CloudfrontLoggingBucket985C0FE8",
                "RegionalDomainName"
              ]
            },
            "IncludeCookies": false
          },
          "Origins": [
            {
              "DomainName": {
                "Fn::GetAtt": [
                  "testcloudfronts3S3BucketE0C5F76E",
                  "RegionalDomainName"
                ]
              },
              "Id": "origin1",
              "S3OriginConfig": {
                "OriginAccessIdentity": {
                  "Fn::Join": [
                    "",
                    [
                      "origin-access-identity/cloudfront/",
                      {
                        "Ref": "testcloudfronts3CloudFrontOriginAccessIdentity2C681839"
                      }
                    ]
                  ]
                }
              }
            }
          ],
          "PriceClass": "PriceClass_100",
          "ViewerCertificate": {
            "CloudFrontDefaultCertificate": true
          }
        }
      }
    }
  }
}