{
  "Resources": {
    "LambdaFunctionServiceRole0C4CDE0B": {
      "Type": "AWS::IAM::Role",
      "Properties": {
        "AssumeRolePolicyDocument": {
          "Statement": [
            {
              "Action": "sts:AssumeRole",
              "Effect": "Allow",
              "Principal": {
                "Service": "lambda.amazonaws.com"
              }
            }
          ],
          "Version": "2012-10-17"
        },
        "Policies": [
          {
            "PolicyDocument": {
              "Statement": [
                {
                  "Action": [
                    "logs:CreateLogGroup",
                    "logs:CreateLogStream",
                    "logs:PutLogEvents"
                  ],
                  "Effect": "Allow",
                  "Resource": {
                    "Fn::Join": [
                      "",
                      [
                        "arn:aws:logs:",
                        {
                          "Ref": "AWS::Region"
                        },
                        ":",
                        {
                          "Ref": "AWS::AccountId"
                        },
                        ":log-group:/aws/lambda/*"
                      ]
                    ]
                  }
                }
              ],
              "Version": "2012-10-17"
            },
            "PolicyName": "LambdaFunctionServiceRolePolicy"
          }
        ]
      }
    },
    "LambdaFunctionBF21E41F": {
      "Type": "AWS::Lambda::Function",
      "Properties": {
        "Code": {
          "S3Bucket": {
            "Ref": "AssetParameters42a35bbf0dec9ef0ac5b0dde87e71a1b8929e8d2d178dd09ccfb2c928ec0198cS3Bucket1F467BCC"
          },
          "S3Key": {
            "Fn::Join": [
              "",
              [
                {
                  "Fn::Select": [
                    0,
                    {
                      "Fn::Split": [
                        "||",
                        {
                          "Ref": "AssetParameters42a35bbf0dec9ef0ac5b0dde87e71a1b8929e8d2d178dd09ccfb2c928ec0198cS3VersionKey9E4F7872"
                        }
                      ]
                    }
                  ]
                },
                {
                  "Fn::Select": [
                    1,
                    {
                      "Fn::Split": [
                        "||",
                        {
                          "Ref": "AssetParameters42a35bbf0dec9ef0ac5b0dde87e71a1b8929e8d2d178dd09ccfb2c928ec0198cS3VersionKey9E4F7872"
                        }
                      ]
                    }
                  ]
                }
              ]
            ]
          }
        },
        "Handler": "index.handler",
        "Role": {
          "Fn::GetAtt": [
            "LambdaFunctionServiceRole0C4CDE0B",
            "Arn"
          ]
        },
        "Runtime": "nodejs12.x",
        "Environment": {
          "Variables": {
            "AWS_NODEJS_CONNECTION_REUSE_ENABLED": "1"
          }
        }
      },
      "DependsOn": [
        "LambdaFunctionServiceRole0C4CDE0B"
      ],
      "Metadata": {
        "cfn_nag": {
          "rules_to_suppress": [
            {
              "id": "W58",
              "reason": "Lambda functions has the required permission to write CloudWatch Logs. It uses custom policy instead of arn:aws:iam::aws:policy/service-role/AWSLambdaBasicExecutionRole with more tighter permissions."
            }
          ]
        }
      }
    },
    "RestApi0C43BF4B": {
      "Type": "AWS::ApiGateway::RestApi",
      "Properties": {
        "EndpointConfiguration": {
          "Types": [
            "EDGE"
          ]
        },
        "Name": "RestApi"
      }
    },
    "RestApiDeployment180EC503c4d635ab14db0b242903e058a000f3f8": {
      "Type": "AWS::ApiGateway::Deployment",
      "Properties": {
        "RestApiId": {
          "Ref": "RestApi0C43BF4B"
        },
        "Description": "Automatically created by the RestApi construct"
      },
      "DependsOn": [
        "RestApiproxyANY1786B242",
        "RestApiproxyC95856DD",
        "RestApiANYA7C1DC94"
      ],
      "Metadata": {
        "cfn_nag": {
          "rules_to_suppress": [
            {
              "id": "W45",
              "reason": "ApiGateway has AccessLogging enabled in AWS::ApiGateway::Stage resource, but cfn_nag checkes for it in AWS::ApiGateway::Deployment resource"
            }
          ]
        }
      }
    },
    "RestApiDeploymentStageprod3855DE66": {
      "Type": "AWS::ApiGateway::Stage",
      "Properties": {
        "RestApiId": {
          "Ref": "RestApi0C43BF4B"
        },
        "AccessLogSetting": {
          "DestinationArn": {
            "Fn::GetAtt": [
              "ApiAccessLogGroupCEA70788",
              "Arn"
            ]
          },
          "Format": "$context.identity.sourceIp $context.identity.caller $context.identity.user [$context.requestTime] \"$context.httpMethod $context.resourcePath $context.protocol\" $context.status $context.responseLength $context.requestId"
        },
        "DeploymentId": {
          "Ref": "RestApiDeployment180EC503c4d635ab14db0b242903e058a000f3f8"
        },
        "MethodSettings": [
          {
            "DataTraceEnabled": true,
            "HttpMethod": "*",
            "LoggingLevel": "INFO",
            "ResourcePath": "/*"
          }
        ],
        "StageName": "prod"
      }
    },
    "RestApiproxyC95856DD": {
      "Type": "AWS::ApiGateway::Resource",
      "Properties": {
        "ParentId": {
          "Fn::GetAtt": [
            "RestApi0C43BF4B",
            "RootResourceId"
          ]
        },
        "PathPart": "{proxy+}",
        "RestApiId": {
          "Ref": "RestApi0C43BF4B"
        }
      }
    },
    "RestApiproxyANYApiPermissiontestcognitoapigatewaylambdastackRestApi7173ADDDANYproxyEE672F74": {
      "Type": "AWS::Lambda::Permission",
      "Properties": {
        "Action": "lambda:InvokeFunction",
        "FunctionName": {
          "Fn::GetAtt": [
            "LambdaFunctionBF21E41F",
            "Arn"
          ]
        },
        "Principal": "apigateway.amazonaws.com",
        "SourceArn": {
          "Fn::Join": [
            "",
            [
              "arn:",
              {
                "Ref": "AWS::Partition"
              },
              ":execute-api:",
              {
                "Ref": "AWS::Region"
              },
              ":",
              {
                "Ref": "AWS::AccountId"
              },
              ":",
              {
                "Ref": "RestApi0C43BF4B"
              },
              "/",
              {
                "Ref": "RestApiDeploymentStageprod3855DE66"
              },
              "/*/{proxy+}"
            ]
          ]
        }
      }
    },
    "RestApiproxyANYApiPermissionTesttestcognitoapigatewaylambdastackRestApi7173ADDDANYproxyF4659A23": {
      "Type": "AWS::Lambda::Permission",
      "Properties": {
        "Action": "lambda:InvokeFunction",
        "FunctionName": {
          "Fn::GetAtt": [
            "LambdaFunctionBF21E41F",
            "Arn"
          ]
        },
        "Principal": "apigateway.amazonaws.com",
        "SourceArn": {
          "Fn::Join": [
            "",
            [
              "arn:",
              {
                "Ref": "AWS::Partition"
              },
              ":execute-api:",
              {
                "Ref": "AWS::Region"
              },
              ":",
              {
                "Ref": "AWS::AccountId"
              },
              ":",
              {
                "Ref": "RestApi0C43BF4B"
              },
              "/test-invoke-stage/*/{proxy+}"
            ]
          ]
        }
      }
    },
    "RestApiproxyANY1786B242": {
      "Type": "AWS::ApiGateway::Method",
      "Properties": {
        "HttpMethod": "ANY",
        "ResourceId": {
          "Ref": "RestApiproxyC95856DD"
        },
        "RestApiId": {
          "Ref": "RestApi0C43BF4B"
        },
        "AuthorizationType": "COGNITO_USER_POOLS",
        "AuthorizerId": {
          "Ref": "CognitoAuthorizer"
        },
        "Integration": {
          "IntegrationHttpMethod": "POST",
          "Type": "AWS_PROXY",
          "Uri": {
            "Fn::Join": [
              "",
              [
                "arn:",
                {
                  "Ref": "AWS::Partition"
                },
                ":apigateway:",
                {
                  "Ref": "AWS::Region"
                },
                ":lambda:path/2015-03-31/functions/",
                {
                  "Fn::GetAtt": [
                    "LambdaFunctionBF21E41F",
                    "Arn"
                  ]
                },
                "/invocations"
              ]
            ]
          }
        }
      }
    },
    "RestApiANYApiPermissiontestcognitoapigatewaylambdastackRestApi7173ADDDANY5461DBBA": {
      "Type": "AWS::Lambda::Permission",
      "Properties": {
        "Action": "lambda:InvokeFunction",
        "FunctionName": {
          "Fn::GetAtt": [
            "LambdaFunctionBF21E41F",
            "Arn"
          ]
        },
        "Principal": "apigateway.amazonaws.com",
        "SourceArn": {
          "Fn::Join": [
            "",
            [
              "arn:",
              {
                "Ref": "AWS::Partition"
              },
              ":execute-api:",
              {
                "Ref": "AWS::Region"
              },
              ":",
              {
                "Ref": "AWS::AccountId"
              },
              ":",
              {
                "Ref": "RestApi0C43BF4B"
              },
              "/",
              {
                "Ref": "RestApiDeploymentStageprod3855DE66"
              },
              "/*/"
            ]
          ]
        }
      }
    },
    "RestApiANYApiPermissionTesttestcognitoapigatewaylambdastackRestApi7173ADDDANYB2D94B09": {
      "Type": "AWS::Lambda::Permission",
      "Properties": {
        "Action": "lambda:InvokeFunction",
        "FunctionName": {
          "Fn::GetAtt": [
            "LambdaFunctionBF21E41F",
            "Arn"
          ]
        },
        "Principal": "apigateway.amazonaws.com",
        "SourceArn": {
          "Fn::Join": [
            "",
            [
              "arn:",
              {
                "Ref": "AWS::Partition"
              },
              ":execute-api:",
              {
                "Ref": "AWS::Region"
              },
              ":",
              {
                "Ref": "AWS::AccountId"
              },
              ":",
              {
                "Ref": "RestApi0C43BF4B"
              },
              "/test-invoke-stage/*/"
            ]
          ]
        }
      }
    },
    "RestApiANYA7C1DC94": {
      "Type": "AWS::ApiGateway::Method",
      "Properties": {
        "HttpMethod": "ANY",
        "ResourceId": {
          "Fn::GetAtt": [
            "RestApi0C43BF4B",
            "RootResourceId"
          ]
        },
        "RestApiId": {
          "Ref": "RestApi0C43BF4B"
        },
        "AuthorizationType": "COGNITO_USER_POOLS",
        "AuthorizerId": {
          "Ref": "CognitoAuthorizer"
        },
        "Integration": {
          "IntegrationHttpMethod": "POST",
          "Type": "AWS_PROXY",
          "Uri": {
            "Fn::Join": [
              "",
              [
                "arn:",
                {
                  "Ref": "AWS::Partition"
                },
                ":apigateway:",
                {
                  "Ref": "AWS::Region"
                },
                ":lambda:path/2015-03-31/functions/",
                {
                  "Fn::GetAtt": [
                    "LambdaFunctionBF21E41F",
                    "Arn"
                  ]
                },
                "/invocations"
              ]
            ]
          }
        }
      }
    },
    "RestApiUsagePlan6E1C537A": {
      "Type": "AWS::ApiGateway::UsagePlan",
      "Properties": {
        "ApiStages": [
          {
            "ApiId": {
              "Ref": "RestApi0C43BF4B"
            },
            "Stage": {
              "Ref": "RestApiDeploymentStageprod3855DE66"
            },
            "Throttle": {}
          }
        ]
      }
    },
    "ApiAccessLogGroupCEA70788": {
      "Type": "AWS::Logs::LogGroup",
      "UpdateReplacePolicy": "Retain",
      "DeletionPolicy": "Retain"
    },
    "LambdaRestApiCloudWatchRoleF339D4E6": {
      "Type": "AWS::IAM::Role",
      "Properties": {
        "AssumeRolePolicyDocument": {
          "Statement": [
            {
              "Action": "sts:AssumeRole",
              "Effect": "Allow",
              "Principal": {
                "Service": "apigateway.amazonaws.com"
              }
            }
          ],
          "Version": "2012-10-17"
        },
        "Policies": [
          {
            "PolicyDocument": {
              "Statement": [
                {
                  "Action": [
                    "logs:CreateLogGroup",
                    "logs:CreateLogStream",
                    "logs:DescribeLogGroups",
                    "logs:DescribeLogStreams",
                    "logs:PutLogEvents",
                    "logs:GetLogEvents",
                    "logs:FilterLogEvents"
                  ],
                  "Effect": "Allow",
                  "Resource": {
                    "Fn::Join": [
                      "",
                      [
                        "arn:aws:logs:",
                        {
                          "Ref": "AWS::Region"
                        },
                        ":",
                        {
                          "Ref": "AWS::AccountId"
                        },
                        ":*"
                      ]
                    ]
                  }
                }
              ],
              "Version": "2012-10-17"
            },
            "PolicyName": "LambdaRestApiCloudWatchRolePolicy"
          }
        ]
      }
    },
    "LambdaRestApiAccount": {
      "Type": "AWS::ApiGateway::Account",
      "Properties": {
        "CloudWatchRoleArn": {
          "Fn::GetAtt": [
            "LambdaRestApiCloudWatchRoleF339D4E6",
            "Arn"
          ]
        }
      },
      "DependsOn": [
        "RestApi0C43BF4B"
      ]
    },
    "CognitoUserPool53E37E69": {
      "Type": "AWS::Cognito::UserPool",
      "Properties": {
        "LambdaConfig": {},
        "UserPoolAddOns": {
          "AdvancedSecurityMode": "ENFORCED"
        }
      }
    },
    "CognitoUserPoolClient5AB59AE4": {
      "Type": "AWS::Cognito::UserPoolClient",
      "Properties": {
        "UserPoolId": {
          "Ref": "CognitoUserPool53E37E69"
        }
      }
    },
    "CognitoAuthorizer": {
      "Type": "AWS::ApiGateway::Authorizer",
      "Properties": {
        "RestApiId": {
          "Ref": "RestApi0C43BF4B"
        },
        "Type": "COGNITO_USER_POOLS",
        "IdentitySource": "method.request.header.Authorization",
        "Name": "authorizer",
        "ProviderARNs": [
          {
            "Fn::GetAtt": [
              "CognitoUserPool53E37E69",
              "Arn"
            ]
          }
        ]
      }
    }
  },
  "Parameters": {
    "AssetParameters42a35bbf0dec9ef0ac5b0dde87e71a1b8929e8d2d178dd09ccfb2c928ec0198cS3Bucket1F467BCC": {
      "Type": "String",
      "Description": "S3 bucket for asset \"42a35bbf0dec9ef0ac5b0dde87e71a1b8929e8d2d178dd09ccfb2c928ec0198c\""
    },
    "AssetParameters42a35bbf0dec9ef0ac5b0dde87e71a1b8929e8d2d178dd09ccfb2c928ec0198cS3VersionKey9E4F7872": {
      "Type": "String",
      "Description": "S3 key for asset version \"42a35bbf0dec9ef0ac5b0dde87e71a1b8929e8d2d178dd09ccfb2c928ec0198c\""
    },
    "AssetParameters42a35bbf0dec9ef0ac5b0dde87e71a1b8929e8d2d178dd09ccfb2c928ec0198cArtifactHash00A70A91": {
      "Type": "String",
      "Description": "Artifact hash for asset \"42a35bbf0dec9ef0ac5b0dde87e71a1b8929e8d2d178dd09ccfb2c928ec0198c\""
    }
  },
  "Outputs": {
    "RestApiEndpoint0551178A": {
      "Value": {
        "Fn::Join": [
          "",
          [
            "https://",
            {
              "Ref": "RestApi0C43BF4B"
            },
            ".execute-api.",
            {
              "Ref": "AWS::Region"
            },
            ".",
            {
              "Ref": "AWS::URLSuffix"
            },
            "/",
            {
              "Ref": "RestApiDeploymentStageprod3855DE66"
            },
            "/"
          ]
        ]
      }
    }
  }
}