// Jest Snapshot v1, https://goo.gl/fbAQLP

exports[`snapshot test CloudFrontToApiGatewayToLambda default params 1`] = `
Object {
  "Outputs": Object {
    "testcloudfrontapigatewaylambdaRestApiEndpoint0A6CB43E": Object {
      "Value": Object {
        "Fn::Join": Array [
          "",
          Array [
            "https://",
            Object {
              "Ref": "testcloudfrontapigatewaylambdaRestApi96B9C695",
            },
            ".execute-api.",
            Object {
              "Ref": "AWS::Region",
            },
            ".",
            Object {
              "Ref": "AWS::URLSuffix",
            },
            "/",
            Object {
              "Ref": "testcloudfrontapigatewaylambdaRestApiDeploymentStageprod9373DCA0",
            },
            "/",
          ],
        ],
      },
    },
  },
  "Parameters": Object {
    "AssetParameters42a35bbf0dec9ef0ac5b0dde87e71a1b8929e8d2d178dd09ccfb2c928ec0198cArtifactHash00A70A91": Object {
      "Description": "Artifact hash for asset \\"42a35bbf0dec9ef0ac5b0dde87e71a1b8929e8d2d178dd09ccfb2c928ec0198c\\"",
      "Type": "String",
    },
    "AssetParameters42a35bbf0dec9ef0ac5b0dde87e71a1b8929e8d2d178dd09ccfb2c928ec0198cS3Bucket1F467BCC": Object {
      "Description": "S3 bucket for asset \\"42a35bbf0dec9ef0ac5b0dde87e71a1b8929e8d2d178dd09ccfb2c928ec0198c\\"",
      "Type": "String",
    },
    "AssetParameters42a35bbf0dec9ef0ac5b0dde87e71a1b8929e8d2d178dd09ccfb2c928ec0198cS3VersionKey9E4F7872": Object {
      "Description": "S3 key for asset version \\"42a35bbf0dec9ef0ac5b0dde87e71a1b8929e8d2d178dd09ccfb2c928ec0198c\\"",
      "Type": "String",
    },
  },
  "Resources": Object {
    "LambdaFunctionBF21E41F": Object {
      "DependsOn": Array [
        "LambdaFunctionServiceRole0C4CDE0B",
      ],
      "Metadata": Object {
        "cfn_nag": Object {
          "rules_to_suppress": Array [
            Object {
              "id": "W58",
              "reason": "Lambda functions has the required permission to write CloudWatch Logs. It uses custom policy instead of arn:aws:iam::aws:policy/service-role/AWSLambdaBasicExecutionRole with more tighter permissions.",
            },
          ],
        },
      },
      "Properties": Object {
        "Code": Object {
          "S3Bucket": Object {
            "Ref": "AssetParameters42a35bbf0dec9ef0ac5b0dde87e71a1b8929e8d2d178dd09ccfb2c928ec0198cS3Bucket1F467BCC",
          },
          "S3Key": Object {
            "Fn::Join": Array [
              "",
              Array [
                Object {
                  "Fn::Select": Array [
                    0,
                    Object {
                      "Fn::Split": Array [
                        "||",
                        Object {
                          "Ref": "AssetParameters42a35bbf0dec9ef0ac5b0dde87e71a1b8929e8d2d178dd09ccfb2c928ec0198cS3VersionKey9E4F7872",
                        },
                      ],
                    },
                  ],
                },
                Object {
                  "Fn::Select": Array [
                    1,
                    Object {
                      "Fn::Split": Array [
                        "||",
                        Object {
                          "Ref": "AssetParameters42a35bbf0dec9ef0ac5b0dde87e71a1b8929e8d2d178dd09ccfb2c928ec0198cS3VersionKey9E4F7872",
                        },
                      ],
                    },
                  ],
                },
              ],
            ],
          },
        },
        "Environment": Object {
          "Variables": Object {
            "AWS_NODEJS_CONNECTION_REUSE_ENABLED": "1",
          },
        },
        "Handler": "index.handler",
        "Role": Object {
          "Fn::GetAtt": Array [
            "LambdaFunctionServiceRole0C4CDE0B",
            "Arn",
          ],
        },
        "Runtime": "nodejs10.x",
      },
      "Type": "AWS::Lambda::Function",
    },
    "LambdaFunctionServiceRole0C4CDE0B": Object {
      "Properties": Object {
        "AssumeRolePolicyDocument": Object {
          "Statement": Array [
            Object {
              "Action": "sts:AssumeRole",
              "Effect": "Allow",
              "Principal": Object {
                "Service": "lambda.amazonaws.com",
              },
            },
          ],
          "Version": "2012-10-17",
        },
        "Policies": Array [
          Object {
            "PolicyDocument": Object {
              "Statement": Array [
                Object {
                  "Action": Array [
                    "logs:CreateLogGroup",
                    "logs:CreateLogStream",
                    "logs:PutLogEvents",
                  ],
                  "Effect": "Allow",
                  "Resource": Object {
                    "Fn::Join": Array [
                      "",
                      Array [
                        "arn:aws:logs:",
                        Object {
                          "Ref": "AWS::Region",
                        },
                        ":",
                        Object {
                          "Ref": "AWS::AccountId",
                        },
                        ":log-group:/aws/lambda/*",
                      ],
                    ],
                  },
                },
              ],
              "Version": "2012-10-17",
            },
            "PolicyName": "LambdaFunctionServiceRolePolicy",
          },
        ],
      },
      "Type": "AWS::IAM::Role",
    },
    "testcloudfrontapigatewaylambdaApiAccessLogGroup97EB2E40": Object {
      "DeletionPolicy": "Retain",
      "Type": "AWS::Logs::LogGroup",
      "UpdateReplacePolicy": "Retain",
    },
    "testcloudfrontapigatewaylambdaCloudFrontToApiGatewayCloudFrontDistributionCFDistribution4AF2BFE4": Object {
      "Properties": Object {
        "DistributionConfig": Object {
          "DefaultCacheBehavior": Object {
            "AllowedMethods": Array [
              "GET",
              "HEAD",
            ],
            "CachedMethods": Array [
              "GET",
              "HEAD",
            ],
            "Compress": true,
            "ForwardedValues": Object {
              "Cookies": Object {
                "Forward": "none",
              },
              "QueryString": false,
            },
            "TargetOriginId": "origin1",
            "ViewerProtocolPolicy": "redirect-to-https",
          },
          "DefaultRootObject": "index.html",
          "Enabled": true,
          "HttpVersion": "http2",
          "IPV6Enabled": true,
          "Logging": Object {
            "Bucket": Object {
              "Fn::GetAtt": Array [
                "testcloudfrontapigatewaylambdaCloudFrontToApiGatewayCloudfrontLoggingBucket7F467421",
                "RegionalDomainName",
              ],
            },
            "IncludeCookies": false,
          },
          "Origins": Array [
            Object {
              "CustomOriginConfig": Object {
                "HTTPPort": 80,
                "HTTPSPort": 443,
                "OriginKeepaliveTimeout": 5,
                "OriginProtocolPolicy": "https-only",
                "OriginReadTimeout": 30,
                "OriginSSLProtocols": Array [
                  "TLSv1.2",
                ],
              },
              "DomainName": Object {
                "Fn::Select": Array [
                  0,
                  Object {
                    "Fn::Split": Array [
                      "/",
                      Object {
                        "Fn::Select": Array [
                          1,
                          Object {
                            "Fn::Split": Array [
                              "://",
                              Object {
                                "Fn::Join": Array [
                                  "",
                                  Array [
                                    "https://",
                                    Object {
                                      "Ref": "testcloudfrontapigatewaylambdaRestApi96B9C695",
                                    },
                                    ".execute-api.",
                                    Object {
                                      "Ref": "AWS::Region",
                                    },
                                    ".",
                                    Object {
                                      "Ref": "AWS::URLSuffix",
                                    },
                                    "/",
                                    Object {
                                      "Ref": "testcloudfrontapigatewaylambdaRestApiDeploymentStageprod9373DCA0",
                                    },
                                    "/",
                                  ],
                                ],
                              },
                            ],
                          },
                        ],
                      },
                    ],
                  },
                ],
              },
              "Id": "origin1",
            },
          ],
          "PriceClass": "PriceClass_100",
          "ViewerCertificate": Object {
            "CloudFrontDefaultCertificate": true,
          },
        },
      },
      "Type": "AWS::CloudFront::Distribution",
    },
    "testcloudfrontapigatewaylambdaCloudFrontToApiGatewayCloudfrontLoggingBucket7F467421": Object {
      "DeletionPolicy": "Retain",
      "Metadata": Object {
        "cfn_nag": Object {
          "rules_to_suppress": Array [
            Object {
              "id": "W35",
              "reason": "This S3 bucket is used as the access logging bucket for CloudFront Distribution",
            },
            Object {
              "id": "W51",
              "reason": "This S3 bucket is used as the access logging bucket for CloudFront Distribution",
            },
          ],
        },
      },
      "Properties": Object {
        "AccessControl": "LogDeliveryWrite",
        "BucketEncryption": Object {
          "ServerSideEncryptionConfiguration": Array [
            Object {
              "ServerSideEncryptionByDefault": Object {
                "SSEAlgorithm": "AES256",
              },
            },
          ],
        },
        "PublicAccessBlockConfiguration": Object {
          "BlockPublicAcls": true,
          "BlockPublicPolicy": true,
          "IgnorePublicAcls": true,
          "RestrictPublicBuckets": true,
        },
        "VersioningConfiguration": Object {
          "Status": "Enabled",
        },
      },
      "Type": "AWS::S3::Bucket",
      "UpdateReplacePolicy": "Retain",
    },
    "testcloudfrontapigatewaylambdaLambdaRestApiAccount1A4578BB": Object {
      "DependsOn": Array [
        "testcloudfrontapigatewaylambdaRestApi96B9C695",
      ],
      "Properties": Object {
        "CloudWatchRoleArn": Object {
          "Fn::GetAtt": Array [
            "testcloudfrontapigatewaylambdaLambdaRestApiCloudWatchRole7A327F48",
            "Arn",
          ],
        },
      },
      "Type": "AWS::ApiGateway::Account",
    },
    "testcloudfrontapigatewaylambdaLambdaRestApiCloudWatchRole7A327F48": Object {
      "Properties": Object {
        "AssumeRolePolicyDocument": Object {
          "Statement": Array [
            Object {
              "Action": "sts:AssumeRole",
              "Effect": "Allow",
              "Principal": Object {
                "Service": "apigateway.amazonaws.com",
              },
            },
          ],
          "Version": "2012-10-17",
        },
        "Policies": Array [
          Object {
            "PolicyDocument": Object {
              "Statement": Array [
                Object {
                  "Action": Array [
                    "logs:CreateLogGroup",
                    "logs:CreateLogStream",
                    "logs:DescribeLogGroups",
                    "logs:DescribeLogStreams",
                    "logs:PutLogEvents",
                    "logs:GetLogEvents",
                    "logs:FilterLogEvents",
                  ],
                  "Effect": "Allow",
                  "Resource": Object {
                    "Fn::Join": Array [
                      "",
                      Array [
                        "arn:aws:logs:",
                        Object {
                          "Ref": "AWS::Region",
                        },
                        ":",
                        Object {
                          "Ref": "AWS::AccountId",
                        },
                        ":*",
                      ],
                    ],
                  },
                },
              ],
              "Version": "2012-10-17",
            },
            "PolicyName": "LambdaRestApiCloudWatchRolePolicy",
          },
        ],
      },
      "Type": "AWS::IAM::Role",
    },
    "testcloudfrontapigatewaylambdaRestApi96B9C695": Object {
      "Properties": Object {
        "EndpointConfiguration": Object {
          "Types": Array [
            "REGIONAL",
          ],
        },
        "Name": "RestApi",
      },
      "Type": "AWS::ApiGateway::RestApi",
    },
    "testcloudfrontapigatewaylambdaRestApiANY293F8177": Object {
      "Properties": Object {
        "AuthorizationType": "AWS_IAM",
        "HttpMethod": "ANY",
        "Integration": Object {
          "IntegrationHttpMethod": "POST",
          "Type": "AWS_PROXY",
          "Uri": Object {
            "Fn::Join": Array [
              "",
              Array [
                "arn:",
                Object {
                  "Ref": "AWS::Partition",
                },
                ":apigateway:",
                Object {
                  "Ref": "AWS::Region",
                },
                ":lambda:path/2015-03-31/functions/",
                Object {
                  "Fn::GetAtt": Array [
                    "LambdaFunctionBF21E41F",
                    "Arn",
                  ],
                },
                "/invocations",
              ],
            ],
          },
        },
        "ResourceId": Object {
          "Fn::GetAtt": Array [
            "testcloudfrontapigatewaylambdaRestApi96B9C695",
            "RootResourceId",
          ],
        },
        "RestApiId": Object {
          "Ref": "testcloudfrontapigatewaylambdaRestApi96B9C695",
        },
      },
      "Type": "AWS::ApiGateway::Method",
    },
    "testcloudfrontapigatewaylambdaRestApiANYApiPermissionTesttestcloudfrontapigatewaylambdaRestApiB469ACF4ANY1049443E": Object {
      "Properties": Object {
        "Action": "lambda:InvokeFunction",
        "FunctionName": Object {
          "Fn::GetAtt": Array [
            "LambdaFunctionBF21E41F",
            "Arn",
          ],
        },
        "Principal": "apigateway.amazonaws.com",
        "SourceArn": Object {
          "Fn::Join": Array [
            "",
            Array [
              "arn:",
              Object {
                "Ref": "AWS::Partition",
              },
              ":execute-api:",
              Object {
                "Ref": "AWS::Region",
              },
              ":",
              Object {
                "Ref": "AWS::AccountId",
              },
              ":",
              Object {
                "Ref": "testcloudfrontapigatewaylambdaRestApi96B9C695",
              },
              "/test-invoke-stage/*/",
            ],
          ],
        },
      },
      "Type": "AWS::Lambda::Permission",
    },
    "testcloudfrontapigatewaylambdaRestApiANYApiPermissiontestcloudfrontapigatewaylambdaRestApiB469ACF4ANY60888502": Object {
      "Properties": Object {
        "Action": "lambda:InvokeFunction",
        "FunctionName": Object {
          "Fn::GetAtt": Array [
            "LambdaFunctionBF21E41F",
            "Arn",
          ],
        },
        "Principal": "apigateway.amazonaws.com",
        "SourceArn": Object {
          "Fn::Join": Array [
            "",
            Array [
              "arn:",
              Object {
                "Ref": "AWS::Partition",
              },
              ":execute-api:",
              Object {
                "Ref": "AWS::Region",
              },
              ":",
              Object {
                "Ref": "AWS::AccountId",
              },
              ":",
              Object {
                "Ref": "testcloudfrontapigatewaylambdaRestApi96B9C695",
              },
              "/",
              Object {
                "Ref": "testcloudfrontapigatewaylambdaRestApiDeploymentStageprod9373DCA0",
              },
              "/*/",
            ],
          ],
        },
      },
      "Type": "AWS::Lambda::Permission",
    },
    "testcloudfrontapigatewaylambdaRestApiDeployment3AAD18356ddf1e04746630aef78bc65a8edbab85": Object {
      "DependsOn": Array [
        "testcloudfrontapigatewaylambdaRestApiproxyANY21F2417C",
        "testcloudfrontapigatewaylambdaRestApiproxyBFEB2E30",
        "testcloudfrontapigatewaylambdaRestApiANY293F8177",
      ],
      "Metadata": Object {
        "cfn_nag": Object {
          "rules_to_suppress": Array [
            Object {
              "id": "W45",
              "reason": "ApiGateway has AccessLogging enabled in AWS::ApiGateway::Stage resource, but cfn_nag checkes for it in AWS::ApiGateway::Deployment resource",
            },
          ],
        },
      },
      "Properties": Object {
        "Description": "Automatically created by the RestApi construct",
        "RestApiId": Object {
          "Ref": "testcloudfrontapigatewaylambdaRestApi96B9C695",
        },
      },
      "Type": "AWS::ApiGateway::Deployment",
    },
    "testcloudfrontapigatewaylambdaRestApiDeploymentStageprod9373DCA0": Object {
      "Properties": Object {
        "AccessLogSetting": Object {
          "DestinationArn": Object {
            "Fn::GetAtt": Array [
              "testcloudfrontapigatewaylambdaApiAccessLogGroup97EB2E40",
              "Arn",
            ],
          },
          "Format": "$context.identity.sourceIp $context.identity.caller $context.identity.user [$context.requestTime] \\"$context.httpMethod $context.resourcePath $context.protocol\\" $context.status $context.responseLength $context.requestId",
        },
        "DeploymentId": Object {
          "Ref": "testcloudfrontapigatewaylambdaRestApiDeployment3AAD18356ddf1e04746630aef78bc65a8edbab85",
        },
        "MethodSettings": Array [
          Object {
            "DataTraceEnabled": true,
            "HttpMethod": "*",
            "LoggingLevel": "INFO",
            "ResourcePath": "/*",
          },
        ],
        "RestApiId": Object {
          "Ref": "testcloudfrontapigatewaylambdaRestApi96B9C695",
        },
        "StageName": "prod",
      },
      "Type": "AWS::ApiGateway::Stage",
    },
    "testcloudfrontapigatewaylambdaRestApiUsagePlan283916E7": Object {
      "Properties": Object {
        "ApiStages": Array [
          Object {
            "ApiId": Object {
              "Ref": "testcloudfrontapigatewaylambdaRestApi96B9C695",
            },
            "Stage": Object {
              "Ref": "testcloudfrontapigatewaylambdaRestApiDeploymentStageprod9373DCA0",
            },
            "Throttle": Object {},
          },
        ],
      },
      "Type": "AWS::ApiGateway::UsagePlan",
    },
    "testcloudfrontapigatewaylambdaRestApiproxyANY21F2417C": Object {
      "Properties": Object {
        "AuthorizationType": "AWS_IAM",
        "HttpMethod": "ANY",
        "Integration": Object {
          "IntegrationHttpMethod": "POST",
          "Type": "AWS_PROXY",
          "Uri": Object {
            "Fn::Join": Array [
              "",
              Array [
                "arn:",
                Object {
                  "Ref": "AWS::Partition",
                },
                ":apigateway:",
                Object {
                  "Ref": "AWS::Region",
                },
                ":lambda:path/2015-03-31/functions/",
                Object {
                  "Fn::GetAtt": Array [
                    "LambdaFunctionBF21E41F",
                    "Arn",
                  ],
                },
                "/invocations",
              ],
            ],
          },
        },
        "ResourceId": Object {
          "Ref": "testcloudfrontapigatewaylambdaRestApiproxyBFEB2E30",
        },
        "RestApiId": Object {
          "Ref": "testcloudfrontapigatewaylambdaRestApi96B9C695",
        },
      },
      "Type": "AWS::ApiGateway::Method",
    },
    "testcloudfrontapigatewaylambdaRestApiproxyANYApiPermissionTesttestcloudfrontapigatewaylambdaRestApiB469ACF4ANYproxy3BCE2E38": Object {
      "Properties": Object {
        "Action": "lambda:InvokeFunction",
        "FunctionName": Object {
          "Fn::GetAtt": Array [
            "LambdaFunctionBF21E41F",
            "Arn",
          ],
        },
        "Principal": "apigateway.amazonaws.com",
        "SourceArn": Object {
          "Fn::Join": Array [
            "",
            Array [
              "arn:",
              Object {
                "Ref": "AWS::Partition",
              },
              ":execute-api:",
              Object {
                "Ref": "AWS::Region",
              },
              ":",
              Object {
                "Ref": "AWS::AccountId",
              },
              ":",
              Object {
                "Ref": "testcloudfrontapigatewaylambdaRestApi96B9C695",
              },
              "/test-invoke-stage/*/{proxy+}",
            ],
          ],
        },
      },
      "Type": "AWS::Lambda::Permission",
    },
    "testcloudfrontapigatewaylambdaRestApiproxyANYApiPermissiontestcloudfrontapigatewaylambdaRestApiB469ACF4ANYproxyA51D7C81": Object {
      "Properties": Object {
        "Action": "lambda:InvokeFunction",
        "FunctionName": Object {
          "Fn::GetAtt": Array [
            "LambdaFunctionBF21E41F",
            "Arn",
          ],
        },
        "Principal": "apigateway.amazonaws.com",
        "SourceArn": Object {
          "Fn::Join": Array [
            "",
            Array [
              "arn:",
              Object {
                "Ref": "AWS::Partition",
              },
              ":execute-api:",
              Object {
                "Ref": "AWS::Region",
              },
              ":",
              Object {
                "Ref": "AWS::AccountId",
              },
              ":",
              Object {
                "Ref": "testcloudfrontapigatewaylambdaRestApi96B9C695",
              },
              "/",
              Object {
                "Ref": "testcloudfrontapigatewaylambdaRestApiDeploymentStageprod9373DCA0",
              },
              "/*/{proxy+}",
            ],
          ],
        },
      },
      "Type": "AWS::Lambda::Permission",
    },
    "testcloudfrontapigatewaylambdaRestApiproxyBFEB2E30": Object {
      "Properties": Object {
        "ParentId": Object {
          "Fn::GetAtt": Array [
            "testcloudfrontapigatewaylambdaRestApi96B9C695",
            "RootResourceId",
          ],
        },
        "PathPart": "{proxy+}",
        "RestApiId": Object {
          "Ref": "testcloudfrontapigatewaylambdaRestApi96B9C695",
        },
      },
      "Type": "AWS::ApiGateway::Resource",
    },
  },
}
`;
