{
  "Description": "Integration Test for aws-serverless-image-handler",
  "Resources": {
    "testserverlessimagehandlerCloudFrontApiGatewayLambdaRestApi2376E6FC": {
      "Type": "AWS::ApiGateway::RestApi",
      "Properties": {
        "BinaryMediaTypes": [
          "*/*"
        ],
        "EndpointConfiguration": {
          "Types": [
            "REGIONAL"
          ]
        },
        "Name": "RestApi"
      }
    },
    "testserverlessimagehandlerCloudFrontApiGatewayLambdaRestApiDeploymentD7B20DCAf6e8220e21bde23f88e7afaa751339fe": {
      "Type": "AWS::ApiGateway::Deployment",
      "Properties": {
        "RestApiId": {
          "Ref": "testserverlessimagehandlerCloudFrontApiGatewayLambdaRestApi2376E6FC"
        },
        "Description": "Automatically created by the RestApi construct"
      },
      "DependsOn": [
        "testserverlessimagehandlerCloudFrontApiGatewayLambdaRestApiproxyANY9BF7CFD0",
        "testserverlessimagehandlerCloudFrontApiGatewayLambdaRestApiproxy5FD5FDA4",
        "testserverlessimagehandlerCloudFrontApiGatewayLambdaRestApiANYC648EF96"
      ],
      "Metadata": {
        "cfn_nag": {
          "rules_to_suppress": [
            {
              "id": "W45",
              "reason": "ApiGateway has AccessLogging enabled in AWS::ApiGateway::Stage resource, but cfn_nag checkes for it in AWS::ApiGateway::Deployment resource"
            }
          ]
        }
      }
    },
    "testserverlessimagehandlerCloudFrontApiGatewayLambdaRestApiDeploymentStageprodBE3E04B8": {
      "Type": "AWS::ApiGateway::Stage",
      "Properties": {
        "RestApiId": {
          "Ref": "testserverlessimagehandlerCloudFrontApiGatewayLambdaRestApi2376E6FC"
        },
        "AccessLogSetting": {
          "DestinationArn": {
            "Fn::GetAtt": [
              "testserverlessimagehandlerCloudFrontApiGatewayLambdaApiAccessLogGroup75A8AB40",
              "Arn"
            ]
          },
          "Format": "$context.identity.sourceIp $context.identity.caller $context.identity.user [$context.requestTime] \"$context.httpMethod $context.resourcePath $context.protocol\" $context.status $context.responseLength $context.requestId"
        },
        "DeploymentId": {
          "Ref": "testserverlessimagehandlerCloudFrontApiGatewayLambdaRestApiDeploymentD7B20DCAf6e8220e21bde23f88e7afaa751339fe"
        },
        "MethodSettings": [
          {
            "DataTraceEnabled": true,
            "HttpMethod": "*",
            "LoggingLevel": "INFO",
            "ResourcePath": "/*"
          }
        ],
        "StageName": "prod"
      }
    },
    "testserverlessimagehandlerCloudFrontApiGatewayLambdaRestApiproxy5FD5FDA4": {
      "Type": "AWS::ApiGateway::Resource",
      "Properties": {
        "ParentId": {
          "Fn::GetAtt": [
            "testserverlessimagehandlerCloudFrontApiGatewayLambdaRestApi2376E6FC",
            "RootResourceId"
          ]
        },
        "PathPart": "{proxy+}",
        "RestApiId": {
          "Ref": "testserverlessimagehandlerCloudFrontApiGatewayLambdaRestApi2376E6FC"
        }
      }
    },
    "testserverlessimagehandlerCloudFrontApiGatewayLambdaRestApiproxyANYApiPermissiontestserverlessimagehandlerCloudFrontApiGatewayLambdaRestApiAA086636ANYproxy770FE38C": {
      "Type": "AWS::Lambda::Permission",
      "Properties": {
        "Action": "lambda:InvokeFunction",
        "FunctionName": {
          "Fn::GetAtt": [
            "testserverlessimagehandlerLambdaFunction78B3105C",
            "Arn"
          ]
        },
        "Principal": "apigateway.amazonaws.com",
        "SourceArn": {
          "Fn::Join": [
            "",
            [
              "arn:",
              {
                "Ref": "AWS::Partition"
              },
              ":execute-api:",
              {
                "Ref": "AWS::Region"
              },
              ":",
              {
                "Ref": "AWS::AccountId"
              },
              ":",
              {
                "Ref": "testserverlessimagehandlerCloudFrontApiGatewayLambdaRestApi2376E6FC"
              },
              "/",
              {
                "Ref": "testserverlessimagehandlerCloudFrontApiGatewayLambdaRestApiDeploymentStageprodBE3E04B8"
              },
              "/*/{proxy+}"
            ]
          ]
        }
      }
    },
    "testserverlessimagehandlerCloudFrontApiGatewayLambdaRestApiproxyANYApiPermissionTesttestserverlessimagehandlerCloudFrontApiGatewayLambdaRestApiAA086636ANYproxy5FAC5F91": {
      "Type": "AWS::Lambda::Permission",
      "Properties": {
        "Action": "lambda:InvokeFunction",
        "FunctionName": {
          "Fn::GetAtt": [
            "testserverlessimagehandlerLambdaFunction78B3105C",
            "Arn"
          ]
        },
        "Principal": "apigateway.amazonaws.com",
        "SourceArn": {
          "Fn::Join": [
            "",
            [
              "arn:",
              {
                "Ref": "AWS::Partition"
              },
              ":execute-api:",
              {
                "Ref": "AWS::Region"
              },
              ":",
              {
                "Ref": "AWS::AccountId"
              },
              ":",
              {
                "Ref": "testserverlessimagehandlerCloudFrontApiGatewayLambdaRestApi2376E6FC"
              },
              "/test-invoke-stage/*/{proxy+}"
            ]
          ]
        }
      }
    },
    "testserverlessimagehandlerCloudFrontApiGatewayLambdaRestApiproxyANY9BF7CFD0": {
      "Type": "AWS::ApiGateway::Method",
      "Properties": {
        "HttpMethod": "ANY",
        "ResourceId": {
          "Ref": "testserverlessimagehandlerCloudFrontApiGatewayLambdaRestApiproxy5FD5FDA4"
        },
        "RestApiId": {
          "Ref": "testserverlessimagehandlerCloudFrontApiGatewayLambdaRestApi2376E6FC"
        },
        "AuthorizationType": "AWS_IAM",
        "Integration": {
          "IntegrationHttpMethod": "POST",
          "Type": "AWS_PROXY",
          "Uri": {
            "Fn::Join": [
              "",
              [
                "arn:",
                {
                  "Ref": "AWS::Partition"
                },
                ":apigateway:",
                {
                  "Ref": "AWS::Region"
                },
                ":lambda:path/2015-03-31/functions/",
                {
                  "Fn::GetAtt": [
                    "testserverlessimagehandlerLambdaFunction78B3105C",
                    "Arn"
                  ]
                },
                "/invocations"
              ]
            ]
          }
        }
      }
    },
    "testserverlessimagehandlerCloudFrontApiGatewayLambdaRestApiANYApiPermissiontestserverlessimagehandlerCloudFrontApiGatewayLambdaRestApiAA086636ANY706A7345": {
      "Type": "AWS::Lambda::Permission",
      "Properties": {
        "Action": "lambda:InvokeFunction",
        "FunctionName": {
          "Fn::GetAtt": [
            "testserverlessimagehandlerLambdaFunction78B3105C",
            "Arn"
          ]
        },
        "Principal": "apigateway.amazonaws.com",
        "SourceArn": {
          "Fn::Join": [
            "",
            [
              "arn:",
              {
                "Ref": "AWS::Partition"
              },
              ":execute-api:",
              {
                "Ref": "AWS::Region"
              },
              ":",
              {
                "Ref": "AWS::AccountId"
              },
              ":",
              {
                "Ref": "testserverlessimagehandlerCloudFrontApiGatewayLambdaRestApi2376E6FC"
              },
              "/",
              {
                "Ref": "testserverlessimagehandlerCloudFrontApiGatewayLambdaRestApiDeploymentStageprodBE3E04B8"
              },
              "/*/"
            ]
          ]
        }
      }
    },
    "testserverlessimagehandlerCloudFrontApiGatewayLambdaRestApiANYApiPermissionTesttestserverlessimagehandlerCloudFrontApiGatewayLambdaRestApiAA086636ANYBCCBE67D": {
      "Type": "AWS::Lambda::Permission",
      "Properties": {
        "Action": "lambda:InvokeFunction",
        "FunctionName": {
          "Fn::GetAtt": [
            "testserverlessimagehandlerLambdaFunction78B3105C",
            "Arn"
          ]
        },
        "Principal": "apigateway.amazonaws.com",
        "SourceArn": {
          "Fn::Join": [
            "",
            [
              "arn:",
              {
                "Ref": "AWS::Partition"
              },
              ":execute-api:",
              {
                "Ref": "AWS::Region"
              },
              ":",
              {
                "Ref": "AWS::AccountId"
              },
              ":",
              {
                "Ref": "testserverlessimagehandlerCloudFrontApiGatewayLambdaRestApi2376E6FC"
              },
              "/test-invoke-stage/*/"
            ]
          ]
        }
      }
    },
    "testserverlessimagehandlerCloudFrontApiGatewayLambdaRestApiANYC648EF96": {
      "Type": "AWS::ApiGateway::Method",
      "Properties": {
        "HttpMethod": "ANY",
        "ResourceId": {
          "Fn::GetAtt": [
            "testserverlessimagehandlerCloudFrontApiGatewayLambdaRestApi2376E6FC",
            "RootResourceId"
          ]
        },
        "RestApiId": {
          "Ref": "testserverlessimagehandlerCloudFrontApiGatewayLambdaRestApi2376E6FC"
        },
        "AuthorizationType": "AWS_IAM",
        "Integration": {
          "IntegrationHttpMethod": "POST",
          "Type": "AWS_PROXY",
          "Uri": {
            "Fn::Join": [
              "",
              [
                "arn:",
                {
                  "Ref": "AWS::Partition"
                },
                ":apigateway:",
                {
                  "Ref": "AWS::Region"
                },
                ":lambda:path/2015-03-31/functions/",
                {
                  "Fn::GetAtt": [
                    "testserverlessimagehandlerLambdaFunction78B3105C",
                    "Arn"
                  ]
                },
                "/invocations"
              ]
            ]
          }
        }
      }
    },
    "testserverlessimagehandlerCloudFrontApiGatewayLambdaRestApiUsagePlan6B0FADA4": {
      "Type": "AWS::ApiGateway::UsagePlan",
      "Properties": {
        "ApiStages": [
          {
            "ApiId": {
              "Ref": "testserverlessimagehandlerCloudFrontApiGatewayLambdaRestApi2376E6FC"
            },
            "Stage": {
              "Ref": "testserverlessimagehandlerCloudFrontApiGatewayLambdaRestApiDeploymentStageprodBE3E04B8"
            },
            "Throttle": {}
          }
        ]
      }
    },
    "testserverlessimagehandlerCloudFrontApiGatewayLambdaApiAccessLogGroup75A8AB40": {
      "Type": "AWS::Logs::LogGroup",
      "UpdateReplacePolicy": "Retain",
      "DeletionPolicy": "Retain"
    },
    "testserverlessimagehandlerCloudFrontApiGatewayLambdaLambdaRestApiCloudWatchRole21DC3987": {
      "Type": "AWS::IAM::Role",
      "Properties": {
        "AssumeRolePolicyDocument": {
          "Statement": [
            {
              "Action": "sts:AssumeRole",
              "Effect": "Allow",
              "Principal": {
                "Service": "apigateway.amazonaws.com"
              }
            }
          ],
          "Version": "2012-10-17"
        },
        "Policies": [
          {
            "PolicyDocument": {
              "Statement": [
                {
                  "Action": [
                    "logs:CreateLogGroup",
                    "logs:CreateLogStream",
                    "logs:DescribeLogGroups",
                    "logs:DescribeLogStreams",
                    "logs:PutLogEvents",
                    "logs:GetLogEvents",
                    "logs:FilterLogEvents"
                  ],
                  "Effect": "Allow",
                  "Resource": {
                    "Fn::Join": [
                      "",
                      [
                        "arn:aws:logs:",
                        {
                          "Ref": "AWS::Region"
                        },
                        ":",
                        {
                          "Ref": "AWS::AccountId"
                        },
                        ":*"
                      ]
                    ]
                  }
                }
              ],
              "Version": "2012-10-17"
            },
            "PolicyName": "LambdaRestApiCloudWatchRolePolicy"
          }
        ]
      }
    },
    "testserverlessimagehandlerCloudFrontApiGatewayLambdaLambdaRestApiAccount372B2E2D": {
      "Type": "AWS::ApiGateway::Account",
      "Properties": {
        "CloudWatchRoleArn": {
          "Fn::GetAtt": [
            "testserverlessimagehandlerCloudFrontApiGatewayLambdaLambdaRestApiCloudWatchRole21DC3987",
            "Arn"
          ]
        }
      },
      "DependsOn": [
        "testserverlessimagehandlerCloudFrontApiGatewayLambdaRestApi2376E6FC"
      ]
    },
    "testserverlessimagehandlerCloudFrontApiGatewayLambdaCloudFrontToApiGatewayCloudfrontLoggingBucket58AA7378": {
      "Type": "AWS::S3::Bucket",
      "Properties": {
        "AccessControl": "LogDeliveryWrite",
        "BucketEncryption": {
          "ServerSideEncryptionConfiguration": [
            {
              "ServerSideEncryptionByDefault": {
                "SSEAlgorithm": "AES256"
              }
            }
          ]
        },
        "PublicAccessBlockConfiguration": {
          "BlockPublicAcls": true,
          "BlockPublicPolicy": true,
          "IgnorePublicAcls": true,
          "RestrictPublicBuckets": true
        },
        "VersioningConfiguration": {
          "Status": "Enabled"
        }
      },
      "UpdateReplacePolicy": "Retain",
      "DeletionPolicy": "Retain",
      "Metadata": {
        "cfn_nag": {
          "rules_to_suppress": [
            {
              "id": "W35",
              "reason": "This S3 bucket is used as the access logging bucket for CloudFront Distribution"
            },
            {
              "id": "W51",
              "reason": "This S3 bucket is used as the access logging bucket for CloudFront Distribution"
            }
          ]
        }
      }
    },
    "testserverlessimagehandlerCloudFrontApiGatewayLambdaCloudFrontToApiGatewayCloudFrontDistributionCFDistribution5DCC756A": {
      "Type": "AWS::CloudFront::Distribution",
      "Properties": {
        "DistributionConfig": {
          "DefaultCacheBehavior": {
            "AllowedMethods": [
              "GET",
              "HEAD"
            ],
            "CachedMethods": [
              "GET",
              "HEAD"
            ],
            "Compress": true,
            "ForwardedValues": {
              "Cookies": {
                "Forward": "none"
              },
              "QueryString": false
            },
            "TargetOriginId": "origin1",
            "ViewerProtocolPolicy": "redirect-to-https"
          },
          "DefaultRootObject": "index.html",
          "Enabled": true,
          "HttpVersion": "http2",
          "IPV6Enabled": true,
          "Logging": {
            "Bucket": {
              "Fn::GetAtt": [
                "testserverlessimagehandlerCloudFrontApiGatewayLambdaCloudFrontToApiGatewayCloudfrontLoggingBucket58AA7378",
                "RegionalDomainName"
              ]
            },
            "IncludeCookies": false
          },
          "Origins": [
            {
              "CustomOriginConfig": {
                "HTTPPort": 80,
                "HTTPSPort": 443,
                "OriginKeepaliveTimeout": 5,
                "OriginProtocolPolicy": "https-only",
                "OriginReadTimeout": 30,
                "OriginSSLProtocols": [
                  "TLSv1.2"
                ]
              },
              "DomainName": {
                "Fn::Select": [
                  0,
                  {
                    "Fn::Split": [
                      "/",
                      {
                        "Fn::Select": [
                          1,
                          {
                            "Fn::Split": [
                              "://",
                              {
                                "Fn::Join": [
                                  "",
                                  [
                                    "https://",
                                    {
                                      "Ref": "testserverlessimagehandlerCloudFrontApiGatewayLambdaRestApi2376E6FC"
                                    },
                                    ".execute-api.",
                                    {
                                      "Ref": "AWS::Region"
                                    },
                                    ".",
                                    {
                                      "Ref": "AWS::URLSuffix"
                                    },
                                    "/",
                                    {
                                      "Ref": "testserverlessimagehandlerCloudFrontApiGatewayLambdaRestApiDeploymentStageprodBE3E04B8"
                                    },
                                    "/"
                                  ]
                                ]
                              }
                            ]
                          }
                        ]
                      }
                    ]
                  }
                ]
              },
              "Id": "origin1"
            }
          ],
          "PriceClass": "PriceClass_100",
          "ViewerCertificate": {
            "CloudFrontDefaultCertificate": true
          }
        }
      }
    },
    "testserverlessimagehandlerLambdaFunctionServiceRole744A1CF6": {
      "Type": "AWS::IAM::Role",
      "Properties": {
        "AssumeRolePolicyDocument": {
          "Statement": [
            {
              "Action": "sts:AssumeRole",
              "Effect": "Allow",
              "Principal": {
                "Service": "lambda.amazonaws.com"
              }
            }
          ],
          "Version": "2012-10-17"
        },
        "Policies": [
          {
            "PolicyDocument": {
              "Statement": [
                {
                  "Action": [
                    "logs:CreateLogGroup",
                    "logs:CreateLogStream",
                    "logs:PutLogEvents"
                  ],
                  "Effect": "Allow",
                  "Resource": {
                    "Fn::Join": [
                      "",
                      [
                        "arn:aws:logs:",
                        {
                          "Ref": "AWS::Region"
                        },
                        ":",
                        {
                          "Ref": "AWS::AccountId"
                        },
                        ":log-group:/aws/lambda/*"
                      ]
                    ]
                  }
                }
              ],
              "Version": "2012-10-17"
            },
            "PolicyName": "LambdaFunctionServiceRolePolicy"
          }
        ]
      }
    },
    "testserverlessimagehandlerLambdaFunctionServiceRoleDefaultPolicyD1EA3899": {
      "Type": "AWS::IAM::Policy",
      "Properties": {
        "PolicyDocument": {
          "Statement": [
            {
              "Action": [
                "s3:GetObject*",
                "s3:GetBucket*",
                "s3:List*",
                "s3:DeleteObject*",
                "s3:PutObject*",
                "s3:Abort*"
              ],
              "Effect": "Allow",
              "Resource": [
                {
                  "Fn::GetAtt": [
                    "testserverlessimagehandlerExistingLambdaS3S3Bucket9203E662",
                    "Arn"
                  ]
                },
                {
                  "Fn::Join": [
                    "",
                    [
                      {
                        "Fn::GetAtt": [
                          "testserverlessimagehandlerExistingLambdaS3S3Bucket9203E662",
                          "Arn"
                        ]
                      },
                      "/*"
                    ]
                  ]
                }
              ]
            }
          ],
          "Version": "2012-10-17"
        },
        "PolicyName": "testserverlessimagehandlerLambdaFunctionServiceRoleDefaultPolicyD1EA3899",
        "Roles": [
          {
            "Ref": "testserverlessimagehandlerLambdaFunctionServiceRole744A1CF6"
          }
        ]
      }
    },
    "testserverlessimagehandlerLambdaFunction78B3105C": {
      "Type": "AWS::Lambda::Function",
      "Properties": {
        "Code": {
          "S3Bucket": {
            "Ref": "AssetParameters5f752add658f79e0005d882c0bc5a08dc38a14dc55135d974ea1d2226cb28b96S3Bucket65CDB50E"
          },
          "S3Key": {
            "Fn::Join": [
              "",
              [
                {
                  "Fn::Select": [
                    0,
                    {
                      "Fn::Split": [
                        "||",
                        {
                          "Ref": "AssetParameters5f752add658f79e0005d882c0bc5a08dc38a14dc55135d974ea1d2226cb28b96S3VersionKeyCF89D2F1"
                        }
                      ]
                    }
                  ]
                },
                {
                  "Fn::Select": [
                    1,
                    {
                      "Fn::Split": [
                        "||",
                        {
                          "Ref": "AssetParameters5f752add658f79e0005d882c0bc5a08dc38a14dc55135d974ea1d2226cb28b96S3VersionKeyCF89D2F1"
                        }
                      ]
                    }
                  ]
                }
              ]
            ]
          }
        },
        "Handler": "index.handler",
        "Role": {
          "Fn::GetAtt": [
            "testserverlessimagehandlerLambdaFunctionServiceRole744A1CF6",
            "Arn"
          ]
        },
        "Runtime": "nodejs12.x",
        "Environment": {
          "Variables": {
            "AWS_NODEJS_CONNECTION_REUSE_ENABLED": "1",
            "AUTO_WEBP": "No",
            "CORS_ENABLED": "Yes",
            "CORS_ORIGIN": "*",
            "S3_BUCKET_NAME": {
              "Ref": "testserverlessimagehandlerExistingLambdaS3S3Bucket9203E662"
            },
            "SOURCE_BUCKETS": {
              "Fn::Join": [
                "",
                [
                  "my-sample-bucket,",
                  {
                    "Ref": "testserverlessimagehandlerExistingLambdaS3S3Bucket9203E662"
                  }
                ]
              ]
            }
          }
        }
      },
      "DependsOn": [
        "testserverlessimagehandlerLambdaFunctionServiceRoleDefaultPolicyD1EA3899",
        "testserverlessimagehandlerLambdaFunctionServiceRole744A1CF6"
      ],
      "Metadata": {
        "cfn_nag": {
          "rules_to_suppress": [
            {
              "id": "W58",
              "reason": "Lambda functions has the required permission to write CloudWatch Logs. It uses custom policy instead of arn:aws:iam::aws:policy/service-role/AWSLambdaBasicExecutionRole with more tighter permissions."
            }
          ]
        }
      }
    },
    "testserverlessimagehandlerExistingLambdaS3S3LoggingBucket406E2181": {
      "Type": "AWS::S3::Bucket",
      "Properties": {
        "AccessControl": "LogDeliveryWrite",
        "BucketEncryption": {
          "ServerSideEncryptionConfiguration": [
            {
              "ServerSideEncryptionByDefault": {
                "SSEAlgorithm": "AES256"
              }
            }
          ]
        },
        "PublicAccessBlockConfiguration": {
          "BlockPublicAcls": true,
          "BlockPublicPolicy": true,
          "IgnorePublicAcls": true,
          "RestrictPublicBuckets": true
        },
        "VersioningConfiguration": {
          "Status": "Enabled"
        }
      },
      "UpdateReplacePolicy": "Retain",
      "DeletionPolicy": "Retain",
      "Metadata": {
        "cfn_nag": {
          "rules_to_suppress": [
            {
              "id": "W35",
              "reason": "This S3 bucket is used as the access logging bucket for another bucket"
            },
            {
              "id": "W51",
              "reason": "This S3 bucket Bucket does not need a bucket policy"
            }
          ]
        }
      }
    },
    "testserverlessimagehandlerExistingLambdaS3S3Bucket9203E662": {
      "Type": "AWS::S3::Bucket",
      "Properties": {
        "BucketEncryption": {
          "ServerSideEncryptionConfiguration": [
            {
              "ServerSideEncryptionByDefault": {
                "SSEAlgorithm": "AES256"
              }
            }
          ]
        },
        "LoggingConfiguration": {
          "DestinationBucketName": {
            "Ref": "testserverlessimagehandlerExistingLambdaS3S3LoggingBucket406E2181"
          }
        },
        "PublicAccessBlockConfiguration": {
          "BlockPublicAcls": true,
          "BlockPublicPolicy": true,
          "IgnorePublicAcls": true,
          "RestrictPublicBuckets": true
        },
        "VersioningConfiguration": {
          "Status": "Enabled"
        }
      },
      "UpdateReplacePolicy": "Retain",
      "DeletionPolicy": "Retain",
      "Metadata": {
        "cfn_nag": {
          "rules_to_suppress": [
            {
              "id": "W51",
              "reason": "This S3 bucket Bucket does not need a bucket policy"
            }
          ]
        }
      }
    },
    "testserverlessimagehandlerLambdaS3AccessPolicyD6DC56B2": {
      "Type": "AWS::IAM::Policy",
      "Properties": {
        "PolicyDocument": {
          "Statement": [
            {
              "Action": [
                "s3:GetObject*",
                "s3:GetBucket*",
                "s3:List*"
              ],
              "Effect": "Allow",
              "Resource": "arn:aws:s3:::*"
            },
            {
              "Action": "rekognition:DetectFaces",
              "Effect": "Allow",
              "Resource": "*"
            }
          ],
          "Version": "2012-10-17"
        },
        "PolicyName": "testserverlessimagehandlerLambdaS3AccessPolicyD6DC56B2",
        "Roles": [
          {
            "Ref": "testserverlessimagehandlerLambdaFunctionServiceRole744A1CF6"
          }
        ]
      },
      "Metadata": {
        "cfn_nag": {
          "rules_to_suppress": [
            {
              "id": "W12",
              "reason": "Specified Rekognition action needs wildcard resource."
            }
          ]
        }
      }
    }
  },
  "Outputs": {
    "testserverlessimagehandlerCloudFrontApiGatewayLambdaRestApiEndpoint76827D71": {
      "Value": {
        "Fn::Join": [
          "",
          [
            "https://",
            {
              "Ref": "testserverlessimagehandlerCloudFrontApiGatewayLambdaRestApi2376E6FC"
            },
            ".execute-api.",
            {
              "Ref": "AWS::Region"
            },
            ".",
            {
              "Ref": "AWS::URLSuffix"
            },
            "/",
            {
              "Ref": "testserverlessimagehandlerCloudFrontApiGatewayLambdaRestApiDeploymentStageprodBE3E04B8"
            },
            "/"
          ]
        ]
      }
    }
  },
  "Parameters": {
    "AssetParameters5f752add658f79e0005d882c0bc5a08dc38a14dc55135d974ea1d2226cb28b96S3Bucket65CDB50E": {
      "Type": "String",
      "Description": "S3 bucket for asset \"5f752add658f79e0005d882c0bc5a08dc38a14dc55135d974ea1d2226cb28b96\""
    },
    "AssetParameters5f752add658f79e0005d882c0bc5a08dc38a14dc55135d974ea1d2226cb28b96S3VersionKeyCF89D2F1": {
      "Type": "String",
      "Description": "S3 key for asset version \"5f752add658f79e0005d882c0bc5a08dc38a14dc55135d974ea1d2226cb28b96\""
    },
    "AssetParameters5f752add658f79e0005d882c0bc5a08dc38a14dc55135d974ea1d2226cb28b96ArtifactHash7AE27721": {
      "Type": "String",
      "Description": "Artifact hash for asset \"5f752add658f79e0005d882c0bc5a08dc38a14dc55135d974ea1d2226cb28b96\""
    }
  }
}